mode: set
github.com/Homeveloper/ProjectCreateForSystemSoftware/internal/config/format.go:18.48,19.45 1 1
github.com/Homeveloper/ProjectCreateForSystemSoftware/internal/config/format.go:20.23,21.25 1 1
github.com/Homeveloper/ProjectCreateForSystemSoftware/internal/config/format.go:22.15,23.25 1 1
github.com/Homeveloper/ProjectCreateForSystemSoftware/internal/config/format.go:24.10,25.152 1 1
github.com/Homeveloper/ProjectCreateForSystemSoftware/internal/config/load.go:16.40,18.16 2 1
github.com/Homeveloper/ProjectCreateForSystemSoftware/internal/config/load.go:18.16,20.3 1 0
github.com/Homeveloper/ProjectCreateForSystemSoftware/internal/config/load.go:21.2,22.16 2 1
github.com/Homeveloper/ProjectCreateForSystemSoftware/internal/config/load.go:22.16,24.3 1 0
github.com/Homeveloper/ProjectCreateForSystemSoftware/internal/config/load.go:25.2,26.16 2 1
github.com/Homeveloper/ProjectCreateForSystemSoftware/internal/config/load.go:26.16,28.3 1 0
github.com/Homeveloper/ProjectCreateForSystemSoftware/internal/config/load.go:29.2,29.17 1 1
github.com/Homeveloper/ProjectCreateForSystemSoftware/internal/config/load.go:33.56,35.16 2 1
github.com/Homeveloper/ProjectCreateForSystemSoftware/internal/config/load.go:36.18,37.53 1 1
github.com/Homeveloper/ProjectCreateForSystemSoftware/internal/config/load.go:37.53,39.4 1 0
github.com/Homeveloper/ProjectCreateForSystemSoftware/internal/config/load.go:40.18,41.53 1 1
github.com/Homeveloper/ProjectCreateForSystemSoftware/internal/config/load.go:41.53,43.4 1 0
github.com/Homeveloper/ProjectCreateForSystemSoftware/internal/config/load.go:44.10,45.85 1 0
github.com/Homeveloper/ProjectCreateForSystemSoftware/internal/config/load.go:47.2,48.9 2 1
github.com/Homeveloper/ProjectCreateForSystemSoftware/internal/config/load.go:48.9,50.3 1 1
github.com/Homeveloper/ProjectCreateForSystemSoftware/internal/config/load.go:51.2,51.32 1 1
github.com/Homeveloper/ProjectCreateForSystemSoftware/internal/config/load.go:55.56,56.16 1 1
github.com/Homeveloper/ProjectCreateForSystemSoftware/internal/config/load.go:57.18,58.51 1 0
github.com/Homeveloper/ProjectCreateForSystemSoftware/internal/config/load.go:59.18,61.17 2 1
github.com/Homeveloper/ProjectCreateForSystemSoftware/internal/config/load.go:61.17,63.4 1 0
github.com/Homeveloper/ProjectCreateForSystemSoftware/internal/config/load.go:64.3,64.33 1 1
github.com/Homeveloper/ProjectCreateForSystemSoftware/internal/config/load.go:65.10,66.85 1 0
github.com/Homeveloper/ProjectCreateForSystemSoftware/internal/config/load.go:72.47,73.31 1 1
github.com/Homeveloper/ProjectCreateForSystemSoftware/internal/config/load.go:74.35,76.32 2 1
github.com/Homeveloper/ProjectCreateForSystemSoftware/internal/config/load.go:76.32,78.4 1 1
github.com/Homeveloper/ProjectCreateForSystemSoftware/internal/config/load.go:79.3,79.13 1 1
github.com/Homeveloper/ProjectCreateForSystemSoftware/internal/config/load.go:80.30,82.32 2 1
github.com/Homeveloper/ProjectCreateForSystemSoftware/internal/config/load.go:82.32,84.4 1 1
github.com/Homeveloper/ProjectCreateForSystemSoftware/internal/config/load.go:85.3,85.13 1 1
github.com/Homeveloper/ProjectCreateForSystemSoftware/internal/config/load.go:86.21,88.30 2 1
github.com/Homeveloper/ProjectCreateForSystemSoftware/internal/config/load.go:88.30,90.4 1 1
github.com/Homeveloper/ProjectCreateForSystemSoftware/internal/config/load.go:91.3,91.13 1 1
github.com/Homeveloper/ProjectCreateForSystemSoftware/internal/config/load.go:92.10,93.15 1 1
github.com/Homeveloper/ProjectCreateForSystemSoftware/internal/config/merge.go:5.42,7.31 2 1
github.com/Homeveloper/ProjectCreateForSystemSoftware/internal/config/merge.go:7.31,9.3 1 1
github.com/Homeveloper/ProjectCreateForSystemSoftware/internal/config/merge.go:10.2,10.35 1 1
github.com/Homeveloper/ProjectCreateForSystemSoftware/internal/config/merge.go:10.35,11.35 1 1
github.com/Homeveloper/ProjectCreateForSystemSoftware/internal/config/merge.go:11.35,14.28 3 1
github.com/Homeveloper/ProjectCreateForSystemSoftware/internal/config/merge.go:14.28,16.13 2 1
github.com/Homeveloper/ProjectCreateForSystemSoftware/internal/config/merge.go:19.3,19.19 1 1
github.com/Homeveloper/ProjectCreateForSystemSoftware/internal/config/merge.go:21.2,21.12 1 1
github.com/Homeveloper/ProjectCreateForSystemSoftware/internal/config/redact.go:20.35,22.35 2 1
github.com/Homeveloper/ProjectCreateForSystemSoftware/internal/config/redact.go:22.35,23.36 1 1
github.com/Homeveloper/ProjectCreateForSystemSoftware/internal/config/redact.go:23.36,25.4 1 1
github.com/Homeveloper/ProjectCreateForSystemSoftware/internal/config/redact.go:27.2,27.14 1 1
github.com/Homeveloper/ProjectCreateForSystemSoftware/internal/config/redact.go:31.32,34.2 2 1
github.com/Homeveloper/ProjectCreateForSystemSoftware/internal/config/redact.go:36.49,37.31 1 1
github.com/Homeveloper/ProjectCreateForSystemSoftware/internal/config/redact.go:38.30,40.32 2 1
github.com/Homeveloper/ProjectCreateForSystemSoftware/internal/config/redact.go:40.32,41.24 1 1
github.com/Homeveloper/ProjectCreateForSystemSoftware/internal/config/redact.go:41.24,43.13 2 1
github.com/Homeveloper/ProjectCreateForSystemSoftware/internal/config/redact.go:45.4,45.32 1 1
github.com/Homeveloper/ProjectCreateForSystemSoftware/internal/config/redact.go:47.3,47.13 1 1
github.com/Homeveloper/ProjectCreateForSystemSoftware/internal/config/redact.go:48.21,50.30 2 1
github.com/Homeveloper/ProjectCreateForSystemSoftware/internal/config/redact.go:50.30,52.4 1 1
github.com/Homeveloper/ProjectCreateForSystemSoftware/internal/config/redact.go:53.3,53.13 1 1
github.com/Homeveloper/ProjectCreateForSystemSoftware/internal/config/redact.go:54.10,55.15 1 1
github.com/Homeveloper/ProjectCreateForSystemSoftware/internal/config/schema.go:25.47,27.16 2 1
github.com/Homeveloper/ProjectCreateForSystemSoftware/internal/config/schema.go:27.16,29.3 1 0
github.com/Homeveloper/ProjectCreateForSystemSoftware/internal/config/schema.go:30.2,31.53 2 1
github.com/Homeveloper/ProjectCreateForSystemSoftware/internal/config/schema.go:31.53,33.3 1 0
github.com/Homeveloper/ProjectCreateForSystemSoftware/internal/config/schema.go:34.2,34.21 1 1
github.com/Homeveloper/ProjectCreateForSystemSoftware/internal/config/schema.go:39.48,44.2 4 1
github.com/Homeveloper/ProjectCreateForSystemSoftware/internal/config/schema.go:46.74,47.14 1 1
github.com/Homeveloper/ProjectCreateForSystemSoftware/internal/config/schema.go:47.14,49.3 1 0
github.com/Homeveloper/ProjectCreateForSystemSoftware/internal/config/schema.go:50.2,50.49 1 1
github.com/Homeveloper/ProjectCreateForSystemSoftware/internal/config/schema.go:50.49,54.3 2 0
github.com/Homeveloper/ProjectCreateForSystemSoftware/internal/config/schema.go:55.2,55.16 1 1
github.com/Homeveloper/ProjectCreateForSystemSoftware/internal/config/schema.go:56.16,58.35 2 1
github.com/Homeveloper/ProjectCreateForSystemSoftware/internal/config/schema.go:58.35,59.34 1 1
github.com/Homeveloper/ProjectCreateForSystemSoftware/internal/config/schema.go:59.34,62.5 1 1
github.com/Homeveloper/ProjectCreateForSystemSoftware/internal/config/schema.go:64.3,64.39 1 1
github.com/Homeveloper/ProjectCreateForSystemSoftware/internal/config/schema.go:64.39,65.36 1 1
github.com/Homeveloper/ProjectCreateForSystemSoftware/internal/config/schema.go:65.36,67.5 1 1
github.com/Homeveloper/ProjectCreateForSystemSoftware/internal/config/schema.go:69.15,71.30 2 1
github.com/Homeveloper/ProjectCreateForSystemSoftware/internal/config/schema.go:71.30,73.4 1 1
github.com/Homeveloper/ProjectCreateForSystemSoftware/internal/config/schema.go:74.16,76.22 2 1
github.com/Homeveloper/ProjectCreateForSystemSoftware/internal/config/schema.go:76.22,78.18 2 1
github.com/Homeveloper/ProjectCreateForSystemSoftware/internal/config/schema.go:78.18,81.5 1 0
github.com/Homeveloper/ProjectCreateForSystemSoftware/internal/config/schema.go:81.10,81.41 1 1
github.com/Homeveloper/ProjectCreateForSystemSoftware/internal/config/schema.go:81.41,84.5 1 1
github.com/Homeveloper/ProjectCreateForSystemSoftware/internal/config/schema.go:86.27,87.39 1 1
github.com/Homeveloper/ProjectCreateForSystemSoftware/internal/config/schema.go:87.39,88.47 1 1
github.com/Homeveloper/ProjectCreateForSystemSoftware/internal/config/schema.go:88.47,91.5 1 0
github.com/Homeveloper/ProjectCreateForSystemSoftware/internal/config/schema.go:92.4,92.47 1 1
github.com/Homeveloper/ProjectCreateForSystemSoftware/internal/config/schema.go:92.47,95.5 1 1
github.com/Homeveloper/ProjectCreateForSystemSoftware/internal/config/schema.go:98.2,98.47 1 1
github.com/Homeveloper/ProjectCreateForSystemSoftware/internal/config/schema.go:98.47,101.3 1 1
github.com/Homeveloper/ProjectCreateForSystemSoftware/internal/config/schema.go:104.55,105.14 1 1
github.com/Homeveloper/ProjectCreateForSystemSoftware/internal/config/schema.go:106.16,108.12 2 1
github.com/Homeveloper/ProjectCreateForSystemSoftware/internal/config/schema.go:109.15,111.12 2 1
github.com/Homeveloper/ProjectCreateForSystemSoftware/internal/config/schema.go:112.16,114.12 2 1
github.com/Homeveloper/ProjectCreateForSystemSoftware/internal/config/schema.go:115.17,117.12 2 0
github.com/Homeveloper/ProjectCreateForSystemSoftware/internal/config/schema.go:118.17,119.33 1 1
github.com/Homeveloper/ProjectCreateForSystemSoftware/internal/config/schema.go:120.27,121.15 1 1
github.com/Homeveloper/ProjectCreateForSystemSoftware/internal/config/schema.go:122.16,123.39 1 0
github.com/Homeveloper/ProjectCreateForSystemSoftware/internal/config/schema.go:124.11,125.16 1 0
github.com/Homeveloper/ProjectCreateForSystemSoftware/internal/config/schema.go:127.16,129.12 2 0
github.com/Homeveloper/ProjectCreateForSystemSoftware/internal/config/schema.go:130.14,131.22 1 0
github.com/Homeveloper/ProjectCreateForSystemSoftware/internal/config/schema.go:132.10,133.14 1 0
github.com/Homeveloper/ProjectCreateForSystemSoftware/internal/config/schema.go:137.41,138.22 1 0
github.com/Homeveloper/ProjectCreateForSystemSoftware/internal/config/schema.go:139.30,140.18 1 0
github.com/Homeveloper/ProjectCreateForSystemSoftware/internal/config/schema.go:141.21,142.17 1 0
github.com/Homeveloper/ProjectCreateForSystemSoftware/internal/config/schema.go:143.14,144.18 1 0
github.com/Homeveloper/ProjectCreateForSystemSoftware/internal/config/schema.go:145.12,146.19 1 0
github.com/Homeveloper/ProjectCreateForSystemSoftware/internal/config/schema.go:147.35,148.18 1 0
github.com/Homeveloper/ProjectCreateForSystemSoftware/internal/config/schema.go:149.11,150.16 1 0
github.com/Homeveloper/ProjectCreateForSystemSoftware/internal/config/schema.go:151.10,152.34 1 0
github.com/Homeveloper/ProjectCreateForSystemSoftware/internal/config/schema.go:156.49,157.32 1 1
github.com/Homeveloper/ProjectCreateForSystemSoftware/internal/config/schema.go:158.11,159.31 1 1
github.com/Homeveloper/ProjectCreateForSystemSoftware/internal/config/schema.go:160.13,161.31 1 0
github.com/Homeveloper/ProjectCreateForSystemSoftware/internal/config/schema.go:162.14,163.31 1 0
github.com/Homeveloper/ProjectCreateForSystemSoftware/internal/config/schema.go:164.15,165.22 1 0
github.com/Homeveloper/ProjectCreateForSystemSoftware/internal/config/schema.go:166.10,167.18 1 0
github.com/Homeveloper/ProjectCreateForSystemSoftware/internal/config/schema.go:171.60,172.36 1 1
github.com/Homeveloper/ProjectCreateForSystemSoftware/internal/config/schema.go:172.36,173.49 1 1
github.com/Homeveloper/ProjectCreateForSystemSoftware/internal/config/schema.go:173.49,175.4 1 1
github.com/Homeveloper/ProjectCreateForSystemSoftware/internal/config/schema.go:177.2,177.14 1 1
github.com/Homeveloper/ProjectCreateForSystemSoftware/internal/config/write.go:11.61,13.62 2 1
github.com/Homeveloper/ProjectCreateForSystemSoftware/internal/config/write.go:13.62,15.3 1 0
github.com/Homeveloper/ProjectCreateForSystemSoftware/internal/config/write.go:16.2,16.55 1 1
github.com/Homeveloper/ProjectCreateForSystemSoftware/internal/config/write.go:16.55,18.3 1 0
github.com/Homeveloper/ProjectCreateForSystemSoftware/internal/config/write.go:19.2,19.18 1 1
github.com/Homeveloper/ProjectCreateForSystemSoftware/internal/cli/cli.go:27.47,28.20 1 1
github.com/Homeveloper/ProjectCreateForSystemSoftware/internal/cli/cli.go:28.20,31.3 2 1
github.com/Homeveloper/ProjectCreateForSystemSoftware/internal/cli/cli.go:32.2,32.17 1 1
github.com/Homeveloper/ProjectCreateForSystemSoftware/internal/cli/cli.go:33.18,34.31 1 1
github.com/Homeveloper/ProjectCreateForSystemSoftware/internal/cli/cli.go:35.17,36.30 1 1
github.com/Homeveloper/ProjectCreateForSystemSoftware/internal/cli/cli.go:37.15,38.28 1 1
github.com/Homeveloper/ProjectCreateForSystemSoftware/internal/cli/cli.go:39.16,40.29 1 1
github.com/Homeveloper/ProjectCreateForSystemSoftware/internal/cli/cli.go:41.17,43.13 2 1
github.com/Homeveloper/ProjectCreateForSystemSoftware/internal/cli/cli.go:44.30,46.13 2 1
github.com/Homeveloper/ProjectCreateForSystemSoftware/internal/cli/cli.go:47.10,49.73 2 1
github.com/Homeveloper/ProjectCreateForSystemSoftware/internal/cli/commands.go:18.41,21.2 2 1
github.com/Homeveloper/ProjectCreateForSystemSoftware/internal/cli/commands.go:24.72,26.18 2 1
github.com/Homeveloper/ProjectCreateForSystemSoftware/internal/cli/commands.go:26.18,28.17 2 1
github.com/Homeveloper/ProjectCreateForSystemSoftware/internal/cli/commands.go:28.17,30.4 1 0
github.com/Homeveloper/ProjectCreateForSystemSoftware/internal/cli/commands.go:31.3,31.20 1 1
github.com/Homeveloper/ProjectCreateForSystemSoftware/internal/cli/commands.go:33.2,34.16 2 1
github.com/Homeveloper/ProjectCreateForSystemSoftware/internal/cli/commands.go:34.16,36.3 1 0
github.com/Homeveloper/ProjectCreateForSystemSoftware/internal/cli/commands.go:37.2,37.18 1 1
github.com/Homeveloper/ProjectCreateForSystemSoftware/internal/cli/commands.go:37.18,40.3 2 0
github.com/Homeveloper/ProjectCreateForSystemSoftware/internal/cli/commands.go:41.2,42.16 2 1
github.com/Homeveloper/ProjectCreateForSystemSoftware/internal/cli/commands.go:42.16,44.3 1 0
github.com/Homeveloper/ProjectCreateForSystemSoftware/internal/cli/commands.go:45.2,46.12 2 1
github.com/Homeveloper/ProjectCreateForSystemSoftware/internal/cli/commands.go:49.44,53.2 3 1
github.com/Homeveloper/ProjectCreateForSystemSoftware/internal/cli/commands.go:58.67,60.6 2 1
github.com/Homeveloper/ProjectCreateForSystemSoftware/internal/cli/commands.go:60.6,61.40 1 1
github.com/Homeveloper/ProjectCreateForSystemSoftware/internal/cli/commands.go:61.40,63.4 1 0
github.com/Homeveloper/ProjectCreateForSystemSoftware/internal/cli/commands.go:64.3,65.21 2 1
github.com/Homeveloper/ProjectCreateForSystemSoftware/internal/cli/commands.go:65.21,67.4 1 1
github.com/Homeveloper/ProjectCreateForSystemSoftware/internal/cli/commands.go:68.3,69.18 2 1
github.com/Homeveloper/ProjectCreateForSystemSoftware/internal/cli/commands.go:73.39,78.16 5 1
github.com/Homeveloper/ProjectCreateForSystemSoftware/internal/cli/commands.go:78.16,80.3 1 0
github.com/Homeveloper/ProjectCreateForSystemSoftware/internal/cli/commands.go:81.2,81.26 1 1
github.com/Homeveloper/ProjectCreateForSystemSoftware/internal/cli/commands.go:81.26,83.3 1 0
github.com/Homeveloper/ProjectCreateForSystemSoftware/internal/cli/commands.go:84.2,86.16 3 1
github.com/Homeveloper/ProjectCreateForSystemSoftware/internal/cli/commands.go:86.16,88.3 1 0
github.com/Homeveloper/ProjectCreateForSystemSoftware/internal/cli/commands.go:89.2,89.14 1 1
github.com/Homeveloper/ProjectCreateForSystemSoftware/internal/cli/commands.go:89.14,91.3 1 0
github.com/Homeveloper/ProjectCreateForSystemSoftware/internal/cli/commands.go:92.2,92.23 1 1
github.com/Homeveloper/ProjectCreateForSystemSoftware/internal/cli/commands.go:92.23,95.3 2 0
github.com/Homeveloper/ProjectCreateForSystemSoftware/internal/cli/commands.go:96.2,97.16 2 1
github.com/Homeveloper/ProjectCreateForSystemSoftware/internal/cli/commands.go:97.16,99.3 1 0
github.com/Homeveloper/ProjectCreateForSystemSoftware/internal/cli/commands.go:100.2,101.23 2 1
github.com/Homeveloper/ProjectCreateForSystemSoftware/internal/cli/commands.go:101.23,102.36 1 1
github.com/Homeveloper/ProjectCreateForSystemSoftware/internal/cli/commands.go:102.36,104.4 1 1
github.com/Homeveloper/ProjectCreateForSystemSoftware/internal/cli/commands.go:105.3,105.85 1 1
github.com/Homeveloper/ProjectCreateForSystemSoftware/internal/cli/commands.go:107.2,108.12 2 1
github.com/Homeveloper/ProjectCreateForSystemSoftware/internal/cli/commands.go:111.38,116.16 5 1
github.com/Homeveloper/ProjectCreateForSystemSoftware/internal/cli/commands.go:116.16,118.3 1 0
github.com/Homeveloper/ProjectCreateForSystemSoftware/internal/cli/commands.go:119.2,119.26 1 1
github.com/Homeveloper/ProjectCreateForSystemSoftware/internal/cli/commands.go:119.26,121.3 1 0
github.com/Homeveloper/ProjectCreateForSystemSoftware/internal/cli/commands.go:122.2,124.16 3 1
github.com/Homeveloper/ProjectCreateForSystemSoftware/internal/cli/commands.go:124.16,126.3 1 0
github.com/Homeveloper/ProjectCreateForSystemSoftware/internal/cli/commands.go:127.2,128.16 2 1
github.com/Homeveloper/ProjectCreateForSystemSoftware/internal/cli/commands.go:128.16,130.3 1 0
github.com/Homeveloper/ProjectCreateForSystemSoftware/internal/cli/commands.go:131.2,132.39 2 1
github.com/Homeveloper/ProjectCreateForSystemSoftware/internal/cli/commands.go:132.39,134.3 1 0
github.com/Homeveloper/ProjectCreateForSystemSoftware/internal/cli/commands.go:135.2,135.30 1 1
github.com/Homeveloper/ProjectCreateForSystemSoftware/internal/cli/commands.go:138.36,143.16 5 1
github.com/Homeveloper/ProjectCreateForSystemSoftware/internal/cli/commands.go:143.16,145.3 1 0
github.com/Homeveloper/ProjectCreateForSystemSoftware/internal/cli/commands.go:146.2,146.25 1 1
github.com/Homeveloper/ProjectCreateForSystemSoftware/internal/cli/commands.go:146.25,148.3 1 1
github.com/Homeveloper/ProjectCreateForSystemSoftware/internal/cli/commands.go:149.2,150.34 2 0
github.com/Homeveloper/ProjectCreateForSystemSoftware/internal/cli/commands.go:150.34,152.17 2 0
github.com/Homeveloper/ProjectCreateForSystemSoftware/internal/cli/commands.go:152.17,154.4 1 0
github.com/Homeveloper/ProjectCreateForSystemSoftware/internal/cli/commands.go:155.3,155.37 1 0
github.com/Homeveloper/ProjectCreateForSystemSoftware/internal/cli/commands.go:157.2,158.16 2 0
github.com/Homeveloper/ProjectCreateForSystemSoftware/internal/cli/commands.go:158.16,160.3 1 0
github.com/Homeveloper/ProjectCreateForSystemSoftware/internal/cli/commands.go:161.2,161.37 1 0
github.com/Homeveloper/ProjectCreateForSystemSoftware/internal/cli/commands.go:164.37,169.16 5 1
github.com/Homeveloper/ProjectCreateForSystemSoftware/internal/cli/commands.go:169.16,171.3 1 0
github.com/Homeveloper/ProjectCreateForSystemSoftware/internal/cli/commands.go:172.2,172.26 1 1
github.com/Homeveloper/ProjectCreateForSystemSoftware/internal/cli/commands.go:172.26,174.3 1 0
github.com/Homeveloper/ProjectCreateForSystemSoftware/internal/cli/commands.go:175.2,177.16 3 1
github.com/Homeveloper/ProjectCreateForSystemSoftware/internal/cli/commands.go:177.16,179.3 1 0
github.com/Homeveloper/ProjectCreateForSystemSoftware/internal/cli/commands.go:180.2,181.16 2 1
github.com/Homeveloper/ProjectCreateForSystemSoftware/internal/cli/commands.go:181.16,183.3 1 0
github.com/Homeveloper/ProjectCreateForSystemSoftware/internal/cli/commands.go:184.2,184.51 1 1
github.com/Homeveloper/ProjectCreateForSystemSoftware/cmd/cfgtool/main.go:14.13,15.54 1 0
github.com/Homeveloper/ProjectCreateForSystemSoftware/cmd/cfgtool/main.go:15.54,18.3 2 0
