mode: set
github.com/Homeveloper/ProjectCreateForSystemSoftware/internal/cli/cli.go:40.47,41.20 1 1
github.com/Homeveloper/ProjectCreateForSystemSoftware/internal/cli/cli.go:41.20,44.3 2 1
github.com/Homeveloper/ProjectCreateForSystemSoftware/internal/cli/cli.go:45.2,45.17 1 1
github.com/Homeveloper/ProjectCreateForSystemSoftware/internal/cli/cli.go:46.18,47.31 1 1
github.com/Homeveloper/ProjectCreateForSystemSoftware/internal/cli/cli.go:48.17,49.30 1 1
github.com/Homeveloper/ProjectCreateForSystemSoftware/internal/cli/cli.go:50.17,51.30 1 1
github.com/Homeveloper/ProjectCreateForSystemSoftware/internal/cli/cli.go:52.15,53.28 1 1
github.com/Homeveloper/ProjectCreateForSystemSoftware/internal/cli/cli.go:54.16,55.29 1 1
github.com/Homeveloper/ProjectCreateForSystemSoftware/internal/cli/cli.go:56.17,58.13 2 1
github.com/Homeveloper/ProjectCreateForSystemSoftware/internal/cli/cli.go:59.30,61.13 2 1
github.com/Homeveloper/ProjectCreateForSystemSoftware/internal/cli/cli.go:62.10,64.94 2 1
github.com/Homeveloper/ProjectCreateForSystemSoftware/internal/cli/commands.go:19.41,23.2 3 1
github.com/Homeveloper/ProjectCreateForSystemSoftware/internal/cli/commands.go:26.72,28.18 2 1
github.com/Homeveloper/ProjectCreateForSystemSoftware/internal/cli/commands.go:28.18,30.17 2 1
github.com/Homeveloper/ProjectCreateForSystemSoftware/internal/cli/commands.go:30.17,32.4 1 0
github.com/Homeveloper/ProjectCreateForSystemSoftware/internal/cli/commands.go:33.3,33.20 1 1
github.com/Homeveloper/ProjectCreateForSystemSoftware/internal/cli/commands.go:35.2,36.16 2 1
github.com/Homeveloper/ProjectCreateForSystemSoftware/internal/cli/commands.go:36.16,38.3 1 0
github.com/Homeveloper/ProjectCreateForSystemSoftware/internal/cli/commands.go:39.2,39.18 1 1
github.com/Homeveloper/ProjectCreateForSystemSoftware/internal/cli/commands.go:39.18,40.50 1 0
github.com/Homeveloper/ProjectCreateForSystemSoftware/internal/cli/commands.go:40.50,42.4 1 0
github.com/Homeveloper/ProjectCreateForSystemSoftware/internal/cli/commands.go:43.3,43.13 1 0
github.com/Homeveloper/ProjectCreateForSystemSoftware/internal/cli/commands.go:45.2,47.16 2 1
github.com/Homeveloper/ProjectCreateForSystemSoftware/internal/cli/commands.go:47.16,49.3 1 1
github.com/Homeveloper/ProjectCreateForSystemSoftware/internal/cli/commands.go:50.2,51.12 2 1
github.com/Homeveloper/ProjectCreateForSystemSoftware/internal/cli/commands.go:60.45,65.2 2 1
github.com/Homeveloper/ProjectCreateForSystemSoftware/internal/cli/commands.go:67.44,69.2 1 1
github.com/Homeveloper/ProjectCreateForSystemSoftware/internal/cli/commands.go:72.62,74.16 2 1
github.com/Homeveloper/ProjectCreateForSystemSoftware/internal/cli/commands.go:74.16,76.3 1 1
github.com/Homeveloper/ProjectCreateForSystemSoftware/internal/cli/commands.go:77.2,77.17 1 1
github.com/Homeveloper/ProjectCreateForSystemSoftware/internal/cli/commands.go:80.44,84.2 3 1
github.com/Homeveloper/ProjectCreateForSystemSoftware/internal/cli/commands.go:89.67,91.6 2 1
github.com/Homeveloper/ProjectCreateForSystemSoftware/internal/cli/commands.go:91.6,92.40 1 1
github.com/Homeveloper/ProjectCreateForSystemSoftware/internal/cli/commands.go:92.40,94.4 1 0
github.com/Homeveloper/ProjectCreateForSystemSoftware/internal/cli/commands.go:95.3,96.21 2 1
github.com/Homeveloper/ProjectCreateForSystemSoftware/internal/cli/commands.go:96.21,98.4 1 1
github.com/Homeveloper/ProjectCreateForSystemSoftware/internal/cli/commands.go:99.3,100.18 2 1
github.com/Homeveloper/ProjectCreateForSystemSoftware/internal/cli/commands.go:104.36,106.2 1 1
github.com/Homeveloper/ProjectCreateForSystemSoftware/internal/cli/commands.go:108.39,116.16 7 1
github.com/Homeveloper/ProjectCreateForSystemSoftware/internal/cli/commands.go:116.16,118.3 1 0
github.com/Homeveloper/ProjectCreateForSystemSoftware/internal/cli/commands.go:119.2,119.26 1 1
github.com/Homeveloper/ProjectCreateForSystemSoftware/internal/cli/commands.go:119.26,121.3 1 1
github.com/Homeveloper/ProjectCreateForSystemSoftware/internal/cli/commands.go:122.2,125.16 3 1
github.com/Homeveloper/ProjectCreateForSystemSoftware/internal/cli/commands.go:125.16,127.3 1 1
github.com/Homeveloper/ProjectCreateForSystemSoftware/internal/cli/commands.go:128.2,128.14 1 1
github.com/Homeveloper/ProjectCreateForSystemSoftware/internal/cli/commands.go:128.14,133.3 1 1
github.com/Homeveloper/ProjectCreateForSystemSoftware/internal/cli/commands.go:134.2,134.23 1 1
github.com/Homeveloper/ProjectCreateForSystemSoftware/internal/cli/commands.go:134.23,137.3 2 1
github.com/Homeveloper/ProjectCreateForSystemSoftware/internal/cli/commands.go:139.2,140.16 2 1
github.com/Homeveloper/ProjectCreateForSystemSoftware/internal/cli/commands.go:140.16,142.3 1 0
github.com/Homeveloper/ProjectCreateForSystemSoftware/internal/cli/commands.go:143.2,144.23 2 1
github.com/Homeveloper/ProjectCreateForSystemSoftware/internal/cli/commands.go:144.23,145.36 1 1
github.com/Homeveloper/ProjectCreateForSystemSoftware/internal/cli/commands.go:145.36,147.4 1 1
github.com/Homeveloper/ProjectCreateForSystemSoftware/internal/cli/commands.go:148.3,149.80 1 1
github.com/Homeveloper/ProjectCreateForSystemSoftware/internal/cli/commands.go:151.2,152.12 2 1
github.com/Homeveloper/ProjectCreateForSystemSoftware/internal/cli/commands.go:157.38,163.16 5 1
github.com/Homeveloper/ProjectCreateForSystemSoftware/internal/cli/commands.go:163.16,165.3 1 0
github.com/Homeveloper/ProjectCreateForSystemSoftware/internal/cli/commands.go:166.2,166.26 1 1
github.com/Homeveloper/ProjectCreateForSystemSoftware/internal/cli/commands.go:166.26,168.3 1 0
github.com/Homeveloper/ProjectCreateForSystemSoftware/internal/cli/commands.go:169.2,172.16 3 1
github.com/Homeveloper/ProjectCreateForSystemSoftware/internal/cli/commands.go:172.16,174.3 1 0
github.com/Homeveloper/ProjectCreateForSystemSoftware/internal/cli/commands.go:175.2,176.16 2 1
github.com/Homeveloper/ProjectCreateForSystemSoftware/internal/cli/commands.go:176.16,178.3 1 0
github.com/Homeveloper/ProjectCreateForSystemSoftware/internal/cli/commands.go:179.2,180.16 2 1
github.com/Homeveloper/ProjectCreateForSystemSoftware/internal/cli/commands.go:180.16,182.3 1 0
github.com/Homeveloper/ProjectCreateForSystemSoftware/internal/cli/commands.go:184.2,193.45 10 1
github.com/Homeveloper/ProjectCreateForSystemSoftware/internal/cli/commands.go:193.45,195.3 1 1
github.com/Homeveloper/ProjectCreateForSystemSoftware/internal/cli/commands.go:196.2,196.12 1 1
github.com/Homeveloper/ProjectCreateForSystemSoftware/internal/cli/commands.go:199.38,207.16 7 1
github.com/Homeveloper/ProjectCreateForSystemSoftware/internal/cli/commands.go:207.16,209.3 1 0
github.com/Homeveloper/ProjectCreateForSystemSoftware/internal/cli/commands.go:210.2,210.26 1 1
github.com/Homeveloper/ProjectCreateForSystemSoftware/internal/cli/commands.go:210.26,212.3 1 0
github.com/Homeveloper/ProjectCreateForSystemSoftware/internal/cli/commands.go:213.2,216.16 3 1
github.com/Homeveloper/ProjectCreateForSystemSoftware/internal/cli/commands.go:216.16,218.3 1 0
github.com/Homeveloper/ProjectCreateForSystemSoftware/internal/cli/commands.go:219.2,220.16 2 1
github.com/Homeveloper/ProjectCreateForSystemSoftware/internal/cli/commands.go:220.16,222.3 1 0
github.com/Homeveloper/ProjectCreateForSystemSoftware/internal/cli/commands.go:223.2,224.39 2 1
github.com/Homeveloper/ProjectCreateForSystemSoftware/internal/cli/commands.go:224.39,226.3 1 0
github.com/Homeveloper/ProjectCreateForSystemSoftware/internal/cli/commands.go:227.2,227.30 1 1
github.com/Homeveloper/ProjectCreateForSystemSoftware/internal/cli/commands.go:230.36,238.16 7 1
github.com/Homeveloper/ProjectCreateForSystemSoftware/internal/cli/commands.go:238.16,240.3 1 0
github.com/Homeveloper/ProjectCreateForSystemSoftware/internal/cli/commands.go:241.2,241.25 1 1
github.com/Homeveloper/ProjectCreateForSystemSoftware/internal/cli/commands.go:241.25,243.3 1 1
github.com/Homeveloper/ProjectCreateForSystemSoftware/internal/cli/commands.go:245.2,246.34 2 0
github.com/Homeveloper/ProjectCreateForSystemSoftware/internal/cli/commands.go:246.34,248.17 2 0
github.com/Homeveloper/ProjectCreateForSystemSoftware/internal/cli/commands.go:248.17,250.4 1 0
github.com/Homeveloper/ProjectCreateForSystemSoftware/internal/cli/commands.go:251.3,251.37 1 0
github.com/Homeveloper/ProjectCreateForSystemSoftware/internal/cli/commands.go:253.2,254.16 2 0
github.com/Homeveloper/ProjectCreateForSystemSoftware/internal/cli/commands.go:254.16,256.3 1 0
github.com/Homeveloper/ProjectCreateForSystemSoftware/internal/cli/commands.go:257.2,257.37 1 0
github.com/Homeveloper/ProjectCreateForSystemSoftware/internal/cli/commands.go:260.37,268.16 7 1
github.com/Homeveloper/ProjectCreateForSystemSoftware/internal/cli/commands.go:268.16,270.3 1 0
github.com/Homeveloper/ProjectCreateForSystemSoftware/internal/cli/commands.go:271.2,271.26 1 1
github.com/Homeveloper/ProjectCreateForSystemSoftware/internal/cli/commands.go:271.26,273.3 1 0
github.com/Homeveloper/ProjectCreateForSystemSoftware/internal/cli/commands.go:274.2,277.16 3 1
github.com/Homeveloper/ProjectCreateForSystemSoftware/internal/cli/commands.go:277.16,279.3 1 0
github.com/Homeveloper/ProjectCreateForSystemSoftware/internal/cli/commands.go:280.2,281.16 2 1
github.com/Homeveloper/ProjectCreateForSystemSoftware/internal/cli/commands.go:281.16,283.3 1 0
github.com/Homeveloper/ProjectCreateForSystemSoftware/internal/cli/commands.go:284.2,284.51 1 1
github.com/Homeveloper/ProjectCreateForSystemSoftware/internal/cli/exit.go:28.36,28.60 1 0
github.com/Homeveloper/ProjectCreateForSystemSoftware/internal/cli/exit.go:29.36,29.52 1 0
github.com/Homeveloper/ProjectCreateForSystemSoftware/internal/cli/exit.go:31.42,32.16 1 1
github.com/Homeveloper/ProjectCreateForSystemSoftware/internal/cli/exit.go:32.16,34.3 1 0
github.com/Homeveloper/ProjectCreateForSystemSoftware/internal/cli/exit.go:35.2,36.31 2 1
github.com/Homeveloper/ProjectCreateForSystemSoftware/internal/cli/exit.go:36.31,38.3 1 0
github.com/Homeveloper/ProjectCreateForSystemSoftware/internal/cli/exit.go:39.2,39.41 1 1
github.com/Homeveloper/ProjectCreateForSystemSoftware/internal/cli/exit.go:43.33,44.16 1 1
github.com/Homeveloper/ProjectCreateForSystemSoftware/internal/cli/exit.go:44.16,46.3 1 1
github.com/Homeveloper/ProjectCreateForSystemSoftware/internal/cli/exit.go:47.2,48.28 2 1
github.com/Homeveloper/ProjectCreateForSystemSoftware/internal/cli/exit.go:48.28,50.3 1 1
github.com/Homeveloper/ProjectCreateForSystemSoftware/internal/cli/exit.go:51.2,51.18 1 0
github.com/Homeveloper/ProjectCreateForSystemSoftware/internal/config/format.go:18.48,19.45 1 1
github.com/Homeveloper/ProjectCreateForSystemSoftware/internal/config/format.go:20.23,21.25 1 1
github.com/Homeveloper/ProjectCreateForSystemSoftware/internal/config/format.go:22.15,23.25 1 1
github.com/Homeveloper/ProjectCreateForSystemSoftware/internal/config/format.go:24.10,25.152 1 1
github.com/Homeveloper/ProjectCreateForSystemSoftware/internal/config/limits.go:25.45,26.23 1 1
github.com/Homeveloper/ProjectCreateForSystemSoftware/internal/config/limits.go:26.23,29.3 1 1
github.com/Homeveloper/ProjectCreateForSystemSoftware/internal/config/limits.go:30.2,30.12 1 1
github.com/Homeveloper/ProjectCreateForSystemSoftware/internal/config/limits.go:42.50,53.32 4 1
github.com/Homeveloper/ProjectCreateForSystemSoftware/internal/config/limits.go:53.32,55.16 2 1
github.com/Homeveloper/ProjectCreateForSystemSoftware/internal/config/limits.go:56.23,57.20 1 0
github.com/Homeveloper/ProjectCreateForSystemSoftware/internal/config/limits.go:57.20,59.5 1 0
github.com/Homeveloper/ProjectCreateForSystemSoftware/internal/config/limits.go:60.23,61.16 1 1
github.com/Homeveloper/ProjectCreateForSystemSoftware/internal/config/limits.go:62.14,63.8 1 0
github.com/Homeveloper/ProjectCreateForSystemSoftware/internal/config/limits.go:64.13,65.18 1 1
github.com/Homeveloper/ProjectCreateForSystemSoftware/internal/config/limits.go:67.18,68.20 1 0
github.com/Homeveloper/ProjectCreateForSystemSoftware/internal/config/limits.go:68.20,70.5 1 0
github.com/Homeveloper/ProjectCreateForSystemSoftware/internal/config/limits.go:71.11,72.16 1 1
github.com/Homeveloper/ProjectCreateForSystemSoftware/internal/config/limits.go:73.14,74.27 1 0
github.com/Homeveloper/ProjectCreateForSystemSoftware/internal/config/limits.go:75.13,76.27 1 1
github.com/Homeveloper/ProjectCreateForSystemSoftware/internal/config/limits.go:77.13,78.22 1 0
github.com/Homeveloper/ProjectCreateForSystemSoftware/internal/config/limits.go:79.18,81.27 2 1
github.com/Homeveloper/ProjectCreateForSystemSoftware/internal/config/limits.go:81.27,83.6 1 1
github.com/Homeveloper/ProjectCreateForSystemSoftware/internal/config/limits.go:84.18,85.18 1 1
github.com/Homeveloper/ProjectCreateForSystemSoftware/internal/config/limits.go:85.18,87.6 1 1
github.com/Homeveloper/ProjectCreateForSystemSoftware/internal/config/limits.go:91.2,91.12 1 1
github.com/Homeveloper/ProjectCreateForSystemSoftware/internal/config/limits.go:96.69,97.24 1 1
github.com/Homeveloper/ProjectCreateForSystemSoftware/internal/config/limits.go:97.24,99.3 1 0
github.com/Homeveloper/ProjectCreateForSystemSoftware/internal/config/limits.go:100.2,100.31 1 1
github.com/Homeveloper/ProjectCreateForSystemSoftware/internal/config/limits.go:101.30,102.30 1 1
github.com/Homeveloper/ProjectCreateForSystemSoftware/internal/config/limits.go:102.30,103.59 1 1
github.com/Homeveloper/ProjectCreateForSystemSoftware/internal/config/limits.go:103.59,105.5 1 0
github.com/Homeveloper/ProjectCreateForSystemSoftware/internal/config/limits.go:107.21,108.30 1 1
github.com/Homeveloper/ProjectCreateForSystemSoftware/internal/config/limits.go:108.30,109.59 1 1
github.com/Homeveloper/ProjectCreateForSystemSoftware/internal/config/limits.go:109.59,111.5 1 0
github.com/Homeveloper/ProjectCreateForSystemSoftware/internal/config/limits.go:114.2,114.12 1 1
github.com/Homeveloper/ProjectCreateForSystemSoftware/internal/config/limits.go:119.34,120.21 1 1
github.com/Homeveloper/ProjectCreateForSystemSoftware/internal/config/limits.go:120.21,122.3 1 0
github.com/Homeveloper/ProjectCreateForSystemSoftware/internal/config/limits.go:123.2,123.21 1 1
github.com/Homeveloper/ProjectCreateForSystemSoftware/internal/config/limits.go:123.21,125.3 1 0
github.com/Homeveloper/ProjectCreateForSystemSoftware/internal/config/limits.go:126.2,126.10 1 1
github.com/Homeveloper/ProjectCreateForSystemSoftware/internal/config/limits.go:131.41,133.2 1 1
github.com/Homeveloper/ProjectCreateForSystemSoftware/internal/config/load.go:17.40,19.2 1 1
github.com/Homeveloper/ProjectCreateForSystemSoftware/internal/config/load.go:22.65,26.16 3 1
github.com/Homeveloper/ProjectCreateForSystemSoftware/internal/config/load.go:26.16,28.3 1 0
github.com/Homeveloper/ProjectCreateForSystemSoftware/internal/config/load.go:30.2,31.16 2 1
github.com/Homeveloper/ProjectCreateForSystemSoftware/internal/config/load.go:31.16,33.3 1 0
github.com/Homeveloper/ProjectCreateForSystemSoftware/internal/config/load.go:34.2,34.15 1 1
github.com/Homeveloper/ProjectCreateForSystemSoftware/internal/config/load.go:34.15,34.35 1 1
github.com/Homeveloper/ProjectCreateForSystemSoftware/internal/config/load.go:36.2,37.16 2 1
github.com/Homeveloper/ProjectCreateForSystemSoftware/internal/config/load.go:37.16,39.3 1 0
github.com/Homeveloper/ProjectCreateForSystemSoftware/internal/config/load.go:40.2,40.30 1 1
github.com/Homeveloper/ProjectCreateForSystemSoftware/internal/config/load.go:40.30,42.3 1 0
github.com/Homeveloper/ProjectCreateForSystemSoftware/internal/config/load.go:43.2,43.54 1 1
github.com/Homeveloper/ProjectCreateForSystemSoftware/internal/config/load.go:43.54,45.3 1 1
github.com/Homeveloper/ProjectCreateForSystemSoftware/internal/config/load.go:49.2,50.16 2 1
github.com/Homeveloper/ProjectCreateForSystemSoftware/internal/config/load.go:50.16,52.3 1 0
github.com/Homeveloper/ProjectCreateForSystemSoftware/internal/config/load.go:53.2,53.58 1 1
github.com/Homeveloper/ProjectCreateForSystemSoftware/internal/config/load.go:53.58,55.3 1 0
github.com/Homeveloper/ProjectCreateForSystemSoftware/internal/config/load.go:57.2,58.16 2 1
github.com/Homeveloper/ProjectCreateForSystemSoftware/internal/config/load.go:58.16,60.3 1 0
github.com/Homeveloper/ProjectCreateForSystemSoftware/internal/config/load.go:61.2,61.17 1 1
github.com/Homeveloper/ProjectCreateForSystemSoftware/internal/config/load.go:65.56,67.2 1 1
github.com/Homeveloper/ProjectCreateForSystemSoftware/internal/config/load.go:74.81,77.58 2 1
github.com/Homeveloper/ProjectCreateForSystemSoftware/internal/config/load.go:77.58,79.3 1 0
github.com/Homeveloper/ProjectCreateForSystemSoftware/internal/config/load.go:80.2,80.51 1 1
github.com/Homeveloper/ProjectCreateForSystemSoftware/internal/config/load.go:80.51,82.3 1 1
github.com/Homeveloper/ProjectCreateForSystemSoftware/internal/config/load.go:84.2,85.16 2 1
github.com/Homeveloper/ProjectCreateForSystemSoftware/internal/config/load.go:86.18,87.53 1 1
github.com/Homeveloper/ProjectCreateForSystemSoftware/internal/config/load.go:87.53,89.4 1 1
github.com/Homeveloper/ProjectCreateForSystemSoftware/internal/config/load.go:90.18,91.53 1 1
github.com/Homeveloper/ProjectCreateForSystemSoftware/internal/config/load.go:91.53,93.4 1 0
github.com/Homeveloper/ProjectCreateForSystemSoftware/internal/config/load.go:94.10,95.85 1 0
github.com/Homeveloper/ProjectCreateForSystemSoftware/internal/config/load.go:98.2,98.57 1 1
github.com/Homeveloper/ProjectCreateForSystemSoftware/internal/config/load.go:98.57,100.3 1 0
github.com/Homeveloper/ProjectCreateForSystemSoftware/internal/config/load.go:102.2,103.9 2 1
github.com/Homeveloper/ProjectCreateForSystemSoftware/internal/config/load.go:103.9,105.3 1 1
github.com/Homeveloper/ProjectCreateForSystemSoftware/internal/config/load.go:106.2,106.32 1 1
github.com/Homeveloper/ProjectCreateForSystemSoftware/internal/config/load.go:110.56,111.16 1 1
github.com/Homeveloper/ProjectCreateForSystemSoftware/internal/config/load.go:112.18,114.17 2 0
github.com/Homeveloper/ProjectCreateForSystemSoftware/internal/config/load.go:114.17,116.4 1 0
github.com/Homeveloper/ProjectCreateForSystemSoftware/internal/config/load.go:117.3,117.19 1 0
github.com/Homeveloper/ProjectCreateForSystemSoftware/internal/config/load.go:118.18,120.17 2 1
github.com/Homeveloper/ProjectCreateForSystemSoftware/internal/config/load.go:120.17,122.4 1 0
github.com/Homeveloper/ProjectCreateForSystemSoftware/internal/config/load.go:123.3,123.33 1 1
github.com/Homeveloper/ProjectCreateForSystemSoftware/internal/config/load.go:124.10,125.85 1 0
github.com/Homeveloper/ProjectCreateForSystemSoftware/internal/config/load.go:130.47,131.31 1 1
github.com/Homeveloper/ProjectCreateForSystemSoftware/internal/config/load.go:132.35,134.32 2 0
github.com/Homeveloper/ProjectCreateForSystemSoftware/internal/config/load.go:134.32,136.4 1 0
github.com/Homeveloper/ProjectCreateForSystemSoftware/internal/config/load.go:137.3,137.13 1 0
github.com/Homeveloper/ProjectCreateForSystemSoftware/internal/config/load.go:138.30,140.32 2 1
github.com/Homeveloper/ProjectCreateForSystemSoftware/internal/config/load.go:140.32,142.4 1 1
github.com/Homeveloper/ProjectCreateForSystemSoftware/internal/config/load.go:143.3,143.13 1 1
github.com/Homeveloper/ProjectCreateForSystemSoftware/internal/config/load.go:144.21,146.30 2 1
github.com/Homeveloper/ProjectCreateForSystemSoftware/internal/config/load.go:146.30,148.4 1 1
github.com/Homeveloper/ProjectCreateForSystemSoftware/internal/config/load.go:149.3,149.13 1 1
github.com/Homeveloper/ProjectCreateForSystemSoftware/internal/config/load.go:150.10,151.15 1 1
github.com/Homeveloper/ProjectCreateForSystemSoftware/internal/config/merge.go:5.42,7.31 2 1
github.com/Homeveloper/ProjectCreateForSystemSoftware/internal/config/merge.go:7.31,9.3 1 1
github.com/Homeveloper/ProjectCreateForSystemSoftware/internal/config/merge.go:10.2,10.35 1 1
github.com/Homeveloper/ProjectCreateForSystemSoftware/internal/config/merge.go:10.35,11.35 1 1
github.com/Homeveloper/ProjectCreateForSystemSoftware/internal/config/merge.go:11.35,14.28 3 1
github.com/Homeveloper/ProjectCreateForSystemSoftware/internal/config/merge.go:14.28,16.13 2 1
github.com/Homeveloper/ProjectCreateForSystemSoftware/internal/config/merge.go:19.3,19.19 1 1
github.com/Homeveloper/ProjectCreateForSystemSoftware/internal/config/merge.go:21.2,21.12 1 1
github.com/Homeveloper/ProjectCreateForSystemSoftware/internal/config/redact.go:32.35,34.35 2 1
github.com/Homeveloper/ProjectCreateForSystemSoftware/internal/config/redact.go:34.35,35.41 1 1
github.com/Homeveloper/ProjectCreateForSystemSoftware/internal/config/redact.go:35.41,37.4 1 1
github.com/Homeveloper/ProjectCreateForSystemSoftware/internal/config/redact.go:39.2,39.14 1 1
github.com/Homeveloper/ProjectCreateForSystemSoftware/internal/config/redact.go:43.32,46.2 2 1
github.com/Homeveloper/ProjectCreateForSystemSoftware/internal/config/redact.go:48.49,49.31 1 1
github.com/Homeveloper/ProjectCreateForSystemSoftware/internal/config/redact.go:50.30,52.32 2 1
github.com/Homeveloper/ProjectCreateForSystemSoftware/internal/config/redact.go:52.32,53.24 1 1
github.com/Homeveloper/ProjectCreateForSystemSoftware/internal/config/redact.go:53.24,55.13 2 1
github.com/Homeveloper/ProjectCreateForSystemSoftware/internal/config/redact.go:57.4,57.32 1 1
github.com/Homeveloper/ProjectCreateForSystemSoftware/internal/config/redact.go:59.3,59.13 1 1
github.com/Homeveloper/ProjectCreateForSystemSoftware/internal/config/redact.go:60.21,62.30 2 1
github.com/Homeveloper/ProjectCreateForSystemSoftware/internal/config/redact.go:62.30,64.4 1 1
github.com/Homeveloper/ProjectCreateForSystemSoftware/internal/config/redact.go:65.3,65.13 1 1
github.com/Homeveloper/ProjectCreateForSystemSoftware/internal/config/redact.go:66.10,67.15 1 1
github.com/Homeveloper/ProjectCreateForSystemSoftware/internal/config/schema.go:26.47,28.16 2 1
github.com/Homeveloper/ProjectCreateForSystemSoftware/internal/config/schema.go:28.16,30.3 1 0
github.com/Homeveloper/ProjectCreateForSystemSoftware/internal/config/schema.go:31.2,32.53 2 1
github.com/Homeveloper/ProjectCreateForSystemSoftware/internal/config/schema.go:32.53,34.3 1 0
github.com/Homeveloper/ProjectCreateForSystemSoftware/internal/config/schema.go:35.2,35.21 1 1
github.com/Homeveloper/ProjectCreateForSystemSoftware/internal/config/schema.go:40.48,45.2 4 1
github.com/Homeveloper/ProjectCreateForSystemSoftware/internal/config/schema.go:47.74,48.14 1 1
github.com/Homeveloper/ProjectCreateForSystemSoftware/internal/config/schema.go:48.14,50.3 1 0
github.com/Homeveloper/ProjectCreateForSystemSoftware/internal/config/schema.go:51.2,51.49 1 1
github.com/Homeveloper/ProjectCreateForSystemSoftware/internal/config/schema.go:51.49,55.3 2 0
github.com/Homeveloper/ProjectCreateForSystemSoftware/internal/config/schema.go:56.2,56.16 1 1
github.com/Homeveloper/ProjectCreateForSystemSoftware/internal/config/schema.go:57.16,59.35 2 1
github.com/Homeveloper/ProjectCreateForSystemSoftware/internal/config/schema.go:59.35,60.34 1 1
github.com/Homeveloper/ProjectCreateForSystemSoftware/internal/config/schema.go:60.34,63.5 1 1
github.com/Homeveloper/ProjectCreateForSystemSoftware/internal/config/schema.go:65.3,65.39 1 1
github.com/Homeveloper/ProjectCreateForSystemSoftware/internal/config/schema.go:65.39,66.36 1 1
github.com/Homeveloper/ProjectCreateForSystemSoftware/internal/config/schema.go:66.36,68.5 1 1
github.com/Homeveloper/ProjectCreateForSystemSoftware/internal/config/schema.go:70.15,72.30 2 1
github.com/Homeveloper/ProjectCreateForSystemSoftware/internal/config/schema.go:72.30,74.4 1 1
github.com/Homeveloper/ProjectCreateForSystemSoftware/internal/config/schema.go:75.16,77.22 2 1
github.com/Homeveloper/ProjectCreateForSystemSoftware/internal/config/schema.go:77.22,79.18 2 1
github.com/Homeveloper/ProjectCreateForSystemSoftware/internal/config/schema.go:79.18,82.5 1 0
github.com/Homeveloper/ProjectCreateForSystemSoftware/internal/config/schema.go:82.10,82.41 1 1
github.com/Homeveloper/ProjectCreateForSystemSoftware/internal/config/schema.go:82.41,85.5 1 1
github.com/Homeveloper/ProjectCreateForSystemSoftware/internal/config/schema.go:87.27,88.39 1 1
github.com/Homeveloper/ProjectCreateForSystemSoftware/internal/config/schema.go:88.39,89.47 1 1
github.com/Homeveloper/ProjectCreateForSystemSoftware/internal/config/schema.go:89.47,92.5 1 0
github.com/Homeveloper/ProjectCreateForSystemSoftware/internal/config/schema.go:93.4,93.47 1 1
github.com/Homeveloper/ProjectCreateForSystemSoftware/internal/config/schema.go:93.47,96.5 1 1
github.com/Homeveloper/ProjectCreateForSystemSoftware/internal/config/schema.go:99.2,99.47 1 1
github.com/Homeveloper/ProjectCreateForSystemSoftware/internal/config/schema.go:99.47,102.3 1 1
github.com/Homeveloper/ProjectCreateForSystemSoftware/internal/config/schema.go:105.55,106.14 1 1
github.com/Homeveloper/ProjectCreateForSystemSoftware/internal/config/schema.go:107.16,109.12 2 1
github.com/Homeveloper/ProjectCreateForSystemSoftware/internal/config/schema.go:110.15,112.12 2 1
github.com/Homeveloper/ProjectCreateForSystemSoftware/internal/config/schema.go:113.16,115.12 2 1
github.com/Homeveloper/ProjectCreateForSystemSoftware/internal/config/schema.go:116.17,118.12 2 0
github.com/Homeveloper/ProjectCreateForSystemSoftware/internal/config/schema.go:119.17,120.33 1 1
github.com/Homeveloper/ProjectCreateForSystemSoftware/internal/config/schema.go:121.27,122.15 1 1
github.com/Homeveloper/ProjectCreateForSystemSoftware/internal/config/schema.go:123.16,124.39 1 0
github.com/Homeveloper/ProjectCreateForSystemSoftware/internal/config/schema.go:125.11,126.16 1 0
github.com/Homeveloper/ProjectCreateForSystemSoftware/internal/config/schema.go:128.16,130.12 2 0
github.com/Homeveloper/ProjectCreateForSystemSoftware/internal/config/schema.go:131.14,132.22 1 0
github.com/Homeveloper/ProjectCreateForSystemSoftware/internal/config/schema.go:133.10,134.14 1 0
github.com/Homeveloper/ProjectCreateForSystemSoftware/internal/config/schema.go:138.41,139.22 1 0
github.com/Homeveloper/ProjectCreateForSystemSoftware/internal/config/schema.go:140.30,141.18 1 0
github.com/Homeveloper/ProjectCreateForSystemSoftware/internal/config/schema.go:142.21,143.17 1 0
github.com/Homeveloper/ProjectCreateForSystemSoftware/internal/config/schema.go:144.14,145.18 1 0
github.com/Homeveloper/ProjectCreateForSystemSoftware/internal/config/schema.go:146.12,147.19 1 0
github.com/Homeveloper/ProjectCreateForSystemSoftware/internal/config/schema.go:148.35,149.18 1 0
github.com/Homeveloper/ProjectCreateForSystemSoftware/internal/config/schema.go:150.11,151.16 1 0
github.com/Homeveloper/ProjectCreateForSystemSoftware/internal/config/schema.go:152.10,153.34 1 0
github.com/Homeveloper/ProjectCreateForSystemSoftware/internal/config/schema.go:157.49,158.32 1 1
github.com/Homeveloper/ProjectCreateForSystemSoftware/internal/config/schema.go:159.11,160.31 1 1
github.com/Homeveloper/ProjectCreateForSystemSoftware/internal/config/schema.go:161.13,162.31 1 0
github.com/Homeveloper/ProjectCreateForSystemSoftware/internal/config/schema.go:163.14,164.31 1 0
github.com/Homeveloper/ProjectCreateForSystemSoftware/internal/config/schema.go:165.15,166.22 1 0
github.com/Homeveloper/ProjectCreateForSystemSoftware/internal/config/schema.go:167.10,168.18 1 0
github.com/Homeveloper/ProjectCreateForSystemSoftware/internal/config/schema.go:172.60,173.36 1 1
github.com/Homeveloper/ProjectCreateForSystemSoftware/internal/config/schema.go:173.36,174.49 1 1
github.com/Homeveloper/ProjectCreateForSystemSoftware/internal/config/schema.go:174.49,176.4 1 1
github.com/Homeveloper/ProjectCreateForSystemSoftware/internal/config/schema.go:178.2,178.14 1 1
github.com/Homeveloper/ProjectCreateForSystemSoftware/internal/config/schema.go:182.34,184.55 2 1
github.com/Homeveloper/ProjectCreateForSystemSoftware/internal/config/schema.go:184.55,186.3 1 0
github.com/Homeveloper/ProjectCreateForSystemSoftware/internal/config/schema.go:187.2,187.55 1 1
github.com/Homeveloper/ProjectCreateForSystemSoftware/internal/config/schema.go:187.55,189.3 1 1
github.com/Homeveloper/ProjectCreateForSystemSoftware/internal/config/schema.go:190.2,190.13 1 1
github.com/Homeveloper/ProjectCreateForSystemSoftware/internal/config/schema.go:197.56,198.32 1 1
github.com/Homeveloper/ProjectCreateForSystemSoftware/internal/config/schema.go:198.32,200.3 1 1
github.com/Homeveloper/ProjectCreateForSystemSoftware/internal/config/schema.go:201.2,201.36 1 1
github.com/Homeveloper/ProjectCreateForSystemSoftware/internal/config/schema.go:201.36,203.3 1 1
github.com/Homeveloper/ProjectCreateForSystemSoftware/internal/config/schema.go:204.2,204.33 1 1
github.com/Homeveloper/ProjectCreateForSystemSoftware/internal/config/summary.go:25.36,30.2 4 1
github.com/Homeveloper/ProjectCreateForSystemSoftware/internal/config/summary.go:32.65,33.24 1 1
github.com/Homeveloper/ProjectCreateForSystemSoftware/internal/config/summary.go:33.24,35.3 1 1
github.com/Homeveloper/ProjectCreateForSystemSoftware/internal/config/summary.go:36.2,36.31 1 1
github.com/Homeveloper/ProjectCreateForSystemSoftware/internal/config/summary.go:37.30,38.32 1 1
github.com/Homeveloper/ProjectCreateForSystemSoftware/internal/config/summary.go:38.32,41.24 3 1
github.com/Homeveloper/ProjectCreateForSystemSoftware/internal/config/summary.go:41.24,45.13 2 1
github.com/Homeveloper/ProjectCreateForSystemSoftware/internal/config/summary.go:47.4,47.31 1 1
github.com/Homeveloper/ProjectCreateForSystemSoftware/internal/config/summary.go:49.21,50.30 1 1
github.com/Homeveloper/ProjectCreateForSystemSoftware/internal/config/summary.go:50.30,52.4 1 1
github.com/Homeveloper/ProjectCreateForSystemSoftware/internal/config/summary.go:53.10,54.13 1 1
github.com/Homeveloper/ProjectCreateForSystemSoftware/internal/config/write.go:32.42,34.2 1 0
github.com/Homeveloper/ProjectCreateForSystemSoftware/internal/config/write.go:38.61,40.2 1 1
github.com/Homeveloper/ProjectCreateForSystemSoftware/internal/config/write.go:50.90,51.16 1 1
github.com/Homeveloper/ProjectCreateForSystemSoftware/internal/config/write.go:51.16,53.3 1 0
github.com/Homeveloper/ProjectCreateForSystemSoftware/internal/config/write.go:54.2,54.26 1 1
github.com/Homeveloper/ProjectCreateForSystemSoftware/internal/config/write.go:54.26,56.3 1 0
github.com/Homeveloper/ProjectCreateForSystemSoftware/internal/config/write.go:58.2,59.16 2 1
github.com/Homeveloper/ProjectCreateForSystemSoftware/internal/config/write.go:59.16,61.3 1 0
github.com/Homeveloper/ProjectCreateForSystemSoftware/internal/config/write.go:63.2,64.49 2 1
github.com/Homeveloper/ProjectCreateForSystemSoftware/internal/config/write.go:64.49,66.3 1 1
github.com/Homeveloper/ProjectCreateForSystemSoftware/internal/config/write.go:68.2,68.65 1 1
github.com/Homeveloper/ProjectCreateForSystemSoftware/internal/config/write.go:68.65,70.3 1 0
github.com/Homeveloper/ProjectCreateForSystemSoftware/internal/config/write.go:71.2,71.58 1 1
github.com/Homeveloper/ProjectCreateForSystemSoftware/internal/config/write.go:71.58,73.3 1 1
github.com/Homeveloper/ProjectCreateForSystemSoftware/internal/config/write.go:74.2,74.48 1 1
github.com/Homeveloper/ProjectCreateForSystemSoftware/internal/config/write.go:74.48,76.3 1 0
github.com/Homeveloper/ProjectCreateForSystemSoftware/internal/config/write.go:77.2,77.18 1 1
github.com/Homeveloper/ProjectCreateForSystemSoftware/internal/config/write.go:81.44,83.16 2 1
github.com/Homeveloper/ProjectCreateForSystemSoftware/internal/config/write.go:83.16,85.3 1 0
github.com/Homeveloper/ProjectCreateForSystemSoftware/internal/config/write.go:86.2,86.86 1 1
github.com/Homeveloper/ProjectCreateForSystemSoftware/internal/config/write.go:86.86,88.3 1 1
github.com/Homeveloper/ProjectCreateForSystemSoftware/internal/config/write.go:89.2,89.12 1 1
github.com/Homeveloper/ProjectCreateForSystemSoftware/internal/config/write.go:93.53,95.16 2 1
github.com/Homeveloper/ProjectCreateForSystemSoftware/internal/config/write.go:95.16,96.25 1 1
github.com/Homeveloper/ProjectCreateForSystemSoftware/internal/config/write.go:96.25,98.4 1 1
github.com/Homeveloper/ProjectCreateForSystemSoftware/internal/config/write.go:99.3,99.58 1 0
github.com/Homeveloper/ProjectCreateForSystemSoftware/internal/config/write.go:103.2,103.37 1 1
github.com/Homeveloper/ProjectCreateForSystemSoftware/internal/config/write.go:103.37,105.3 1 0
github.com/Homeveloper/ProjectCreateForSystemSoftware/internal/config/write.go:106.2,106.18 1 1
github.com/Homeveloper/ProjectCreateForSystemSoftware/internal/config/write.go:106.18,108.3 1 1
github.com/Homeveloper/ProjectCreateForSystemSoftware/internal/config/write.go:109.2,109.16 1 1
github.com/Homeveloper/ProjectCreateForSystemSoftware/internal/config/write.go:109.16,111.3 1 1
github.com/Homeveloper/ProjectCreateForSystemSoftware/internal/config/write.go:112.2,112.12 1 1
github.com/Homeveloper/ProjectCreateForSystemSoftware/internal/config/write.go:118.50,121.16 3 1
github.com/Homeveloper/ProjectCreateForSystemSoftware/internal/config/write.go:121.16,123.3 1 0
github.com/Homeveloper/ProjectCreateForSystemSoftware/internal/config/write.go:124.2,128.15 3 1
github.com/Homeveloper/ProjectCreateForSystemSoftware/internal/config/write.go:128.15,129.17 1 1
github.com/Homeveloper/ProjectCreateForSystemSoftware/internal/config/write.go:129.17,131.4 1 0
github.com/Homeveloper/ProjectCreateForSystemSoftware/internal/config/write.go:134.2,134.45 1 1
github.com/Homeveloper/ProjectCreateForSystemSoftware/internal/config/write.go:134.45,137.3 2 0
github.com/Homeveloper/ProjectCreateForSystemSoftware/internal/config/write.go:138.2,138.44 1 1
github.com/Homeveloper/ProjectCreateForSystemSoftware/internal/config/write.go:138.44,141.3 2 0
github.com/Homeveloper/ProjectCreateForSystemSoftware/internal/config/write.go:142.2,142.36 1 1
github.com/Homeveloper/ProjectCreateForSystemSoftware/internal/config/write.go:142.36,145.3 2 0
github.com/Homeveloper/ProjectCreateForSystemSoftware/internal/config/write.go:146.2,146.37 1 1
github.com/Homeveloper/ProjectCreateForSystemSoftware/internal/config/write.go:146.37,148.3 1 0
github.com/Homeveloper/ProjectCreateForSystemSoftware/internal/config/write.go:149.2,149.50 1 1
github.com/Homeveloper/ProjectCreateForSystemSoftware/internal/config/write.go:149.50,151.3 1 0
github.com/Homeveloper/ProjectCreateForSystemSoftware/internal/config/write.go:152.2,153.12 2 1
github.com/Homeveloper/ProjectCreateForSystemSoftware/cmd/cfgtool/main.go:14.13,15.54 1 0
github.com/Homeveloper/ProjectCreateForSystemSoftware/cmd/cfgtool/main.go:15.54,18.3 2 0
