mode: set
github.com/Homeveloper/ProjectCreateForSystemSoftware/internal/cli/cli.go:27.47,28.20 1 1
github.com/Homeveloper/ProjectCreateForSystemSoftware/internal/cli/cli.go:28.20,31.3 2 1
github.com/Homeveloper/ProjectCreateForSystemSoftware/internal/cli/cli.go:32.2,32.17 1 1
github.com/Homeveloper/ProjectCreateForSystemSoftware/internal/cli/cli.go:33.18,34.31 1 1
github.com/Homeveloper/ProjectCreateForSystemSoftware/internal/cli/cli.go:35.17,36.30 1 1
github.com/Homeveloper/ProjectCreateForSystemSoftware/internal/cli/cli.go:37.15,38.28 1 1
github.com/Homeveloper/ProjectCreateForSystemSoftware/internal/cli/cli.go:39.16,40.29 1 1
github.com/Homeveloper/ProjectCreateForSystemSoftware/internal/cli/cli.go:41.17,43.13 2 1
github.com/Homeveloper/ProjectCreateForSystemSoftware/internal/cli/cli.go:44.30,46.13 2 1
github.com/Homeveloper/ProjectCreateForSystemSoftware/internal/cli/cli.go:47.10,49.73 2 1
github.com/Homeveloper/ProjectCreateForSystemSoftware/internal/cli/commands.go:18.41,21.2 2 1
github.com/Homeveloper/ProjectCreateForSystemSoftware/internal/cli/commands.go:24.72,26.18 2 1
github.com/Homeveloper/ProjectCreateForSystemSoftware/internal/cli/commands.go:26.18,28.17 2 1
github.com/Homeveloper/ProjectCreateForSystemSoftware/internal/cli/commands.go:28.17,30.4 1 0
github.com/Homeveloper/ProjectCreateForSystemSoftware/internal/cli/commands.go:31.3,31.20 1 1
github.com/Homeveloper/ProjectCreateForSystemSoftware/internal/cli/commands.go:33.2,34.16 2 1
github.com/Homeveloper/ProjectCreateForSystemSoftware/internal/cli/commands.go:34.16,36.3 1 0
github.com/Homeveloper/ProjectCreateForSystemSoftware/internal/cli/commands.go:37.2,37.18 1 1
github.com/Homeveloper/ProjectCreateForSystemSoftware/internal/cli/commands.go:37.18,40.3 2 0
github.com/Homeveloper/ProjectCreateForSystemSoftware/internal/cli/commands.go:41.2,42.16 2 1
github.com/Homeveloper/ProjectCreateForSystemSoftware/internal/cli/commands.go:42.16,44.3 1 1
github.com/Homeveloper/ProjectCreateForSystemSoftware/internal/cli/commands.go:45.2,46.12 2 1
github.com/Homeveloper/ProjectCreateForSystemSoftware/internal/cli/commands.go:55.45,60.2 2 1
github.com/Homeveloper/ProjectCreateForSystemSoftware/internal/cli/commands.go:62.44,64.2 1 1
github.com/Homeveloper/ProjectCreateForSystemSoftware/internal/cli/commands.go:66.44,70.2 3 1
github.com/Homeveloper/ProjectCreateForSystemSoftware/internal/cli/commands.go:75.67,77.6 2 1
github.com/Homeveloper/ProjectCreateForSystemSoftware/internal/cli/commands.go:77.6,78.40 1 1
github.com/Homeveloper/ProjectCreateForSystemSoftware/internal/cli/commands.go:78.40,80.4 1 0
github.com/Homeveloper/ProjectCreateForSystemSoftware/internal/cli/commands.go:81.3,82.21 2 1
github.com/Homeveloper/ProjectCreateForSystemSoftware/internal/cli/commands.go:82.21,84.4 1 1
github.com/Homeveloper/ProjectCreateForSystemSoftware/internal/cli/commands.go:85.3,86.18 2 1
github.com/Homeveloper/ProjectCreateForSystemSoftware/internal/cli/commands.go:90.39,98.16 7 1
github.com/Homeveloper/ProjectCreateForSystemSoftware/internal/cli/commands.go:98.16,100.3 1 0
github.com/Homeveloper/ProjectCreateForSystemSoftware/internal/cli/commands.go:101.2,101.26 1 1
github.com/Homeveloper/ProjectCreateForSystemSoftware/internal/cli/commands.go:101.26,103.3 1 0
github.com/Homeveloper/ProjectCreateForSystemSoftware/internal/cli/commands.go:104.2,107.16 3 1
github.com/Homeveloper/ProjectCreateForSystemSoftware/internal/cli/commands.go:107.16,109.3 1 0
github.com/Homeveloper/ProjectCreateForSystemSoftware/internal/cli/commands.go:110.2,110.14 1 1
github.com/Homeveloper/ProjectCreateForSystemSoftware/internal/cli/commands.go:110.14,115.3 1 1
github.com/Homeveloper/ProjectCreateForSystemSoftware/internal/cli/commands.go:116.2,116.23 1 1
github.com/Homeveloper/ProjectCreateForSystemSoftware/internal/cli/commands.go:116.23,119.3 2 1
github.com/Homeveloper/ProjectCreateForSystemSoftware/internal/cli/commands.go:121.2,122.16 2 1
github.com/Homeveloper/ProjectCreateForSystemSoftware/internal/cli/commands.go:122.16,124.3 1 0
github.com/Homeveloper/ProjectCreateForSystemSoftware/internal/cli/commands.go:125.2,126.23 2 1
github.com/Homeveloper/ProjectCreateForSystemSoftware/internal/cli/commands.go:126.23,127.36 1 1
github.com/Homeveloper/ProjectCreateForSystemSoftware/internal/cli/commands.go:127.36,129.4 1 1
github.com/Homeveloper/ProjectCreateForSystemSoftware/internal/cli/commands.go:130.3,130.85 1 1
github.com/Homeveloper/ProjectCreateForSystemSoftware/internal/cli/commands.go:132.2,133.12 2 1
github.com/Homeveloper/ProjectCreateForSystemSoftware/internal/cli/commands.go:136.38,144.16 7 1
github.com/Homeveloper/ProjectCreateForSystemSoftware/internal/cli/commands.go:144.16,146.3 1 0
github.com/Homeveloper/ProjectCreateForSystemSoftware/internal/cli/commands.go:147.2,147.26 1 1
github.com/Homeveloper/ProjectCreateForSystemSoftware/internal/cli/commands.go:147.26,149.3 1 0
github.com/Homeveloper/ProjectCreateForSystemSoftware/internal/cli/commands.go:150.2,153.16 3 1
github.com/Homeveloper/ProjectCreateForSystemSoftware/internal/cli/commands.go:153.16,155.3 1 0
github.com/Homeveloper/ProjectCreateForSystemSoftware/internal/cli/commands.go:156.2,157.16 2 1
github.com/Homeveloper/ProjectCreateForSystemSoftware/internal/cli/commands.go:157.16,159.3 1 0
github.com/Homeveloper/ProjectCreateForSystemSoftware/internal/cli/commands.go:160.2,161.39 2 1
github.com/Homeveloper/ProjectCreateForSystemSoftware/internal/cli/commands.go:161.39,163.3 1 0
github.com/Homeveloper/ProjectCreateForSystemSoftware/internal/cli/commands.go:164.2,164.30 1 1
github.com/Homeveloper/ProjectCreateForSystemSoftware/internal/cli/commands.go:167.36,175.16 7 1
github.com/Homeveloper/ProjectCreateForSystemSoftware/internal/cli/commands.go:175.16,177.3 1 0
github.com/Homeveloper/ProjectCreateForSystemSoftware/internal/cli/commands.go:178.2,178.25 1 1
github.com/Homeveloper/ProjectCreateForSystemSoftware/internal/cli/commands.go:178.25,180.3 1 1
github.com/Homeveloper/ProjectCreateForSystemSoftware/internal/cli/commands.go:182.2,183.34 2 0
github.com/Homeveloper/ProjectCreateForSystemSoftware/internal/cli/commands.go:183.34,185.17 2 0
github.com/Homeveloper/ProjectCreateForSystemSoftware/internal/cli/commands.go:185.17,187.4 1 0
github.com/Homeveloper/ProjectCreateForSystemSoftware/internal/cli/commands.go:188.3,188.37 1 0
github.com/Homeveloper/ProjectCreateForSystemSoftware/internal/cli/commands.go:190.2,191.16 2 0
github.com/Homeveloper/ProjectCreateForSystemSoftware/internal/cli/commands.go:191.16,193.3 1 0
github.com/Homeveloper/ProjectCreateForSystemSoftware/internal/cli/commands.go:194.2,194.37 1 0
github.com/Homeveloper/ProjectCreateForSystemSoftware/internal/cli/commands.go:197.37,205.16 7 1
github.com/Homeveloper/ProjectCreateForSystemSoftware/internal/cli/commands.go:205.16,207.3 1 0
github.com/Homeveloper/ProjectCreateForSystemSoftware/internal/cli/commands.go:208.2,208.26 1 1
github.com/Homeveloper/ProjectCreateForSystemSoftware/internal/cli/commands.go:208.26,210.3 1 0
github.com/Homeveloper/ProjectCreateForSystemSoftware/internal/cli/commands.go:211.2,214.16 3 1
github.com/Homeveloper/ProjectCreateForSystemSoftware/internal/cli/commands.go:214.16,216.3 1 0
github.com/Homeveloper/ProjectCreateForSystemSoftware/internal/cli/commands.go:217.2,218.16 2 1
github.com/Homeveloper/ProjectCreateForSystemSoftware/internal/cli/commands.go:218.16,220.3 1 0
github.com/Homeveloper/ProjectCreateForSystemSoftware/internal/cli/commands.go:221.2,221.51 1 1
github.com/Homeveloper/ProjectCreateForSystemSoftware/internal/config/format.go:18.48,19.45 1 1
github.com/Homeveloper/ProjectCreateForSystemSoftware/internal/config/format.go:20.23,21.25 1 1
github.com/Homeveloper/ProjectCreateForSystemSoftware/internal/config/format.go:22.15,23.25 1 1
github.com/Homeveloper/ProjectCreateForSystemSoftware/internal/config/format.go:24.10,25.152 1 1
github.com/Homeveloper/ProjectCreateForSystemSoftware/internal/config/limits.go:25.45,26.23 1 1
github.com/Homeveloper/ProjectCreateForSystemSoftware/internal/config/limits.go:26.23,29.3 1 1
github.com/Homeveloper/ProjectCreateForSystemSoftware/internal/config/limits.go:30.2,30.12 1 1
github.com/Homeveloper/ProjectCreateForSystemSoftware/internal/config/limits.go:42.50,53.32 4 1
github.com/Homeveloper/ProjectCreateForSystemSoftware/internal/config/limits.go:53.32,55.16 2 1
github.com/Homeveloper/ProjectCreateForSystemSoftware/internal/config/limits.go:56.23,57.20 1 0
github.com/Homeveloper/ProjectCreateForSystemSoftware/internal/config/limits.go:57.20,59.5 1 0
github.com/Homeveloper/ProjectCreateForSystemSoftware/internal/config/limits.go:60.23,61.16 1 1
github.com/Homeveloper/ProjectCreateForSystemSoftware/internal/config/limits.go:62.14,63.8 1 0
github.com/Homeveloper/ProjectCreateForSystemSoftware/internal/config/limits.go:64.13,65.18 1 1
github.com/Homeveloper/ProjectCreateForSystemSoftware/internal/config/limits.go:67.18,68.20 1 0
github.com/Homeveloper/ProjectCreateForSystemSoftware/internal/config/limits.go:68.20,70.5 1 0
github.com/Homeveloper/ProjectCreateForSystemSoftware/internal/config/limits.go:71.11,72.16 1 1
github.com/Homeveloper/ProjectCreateForSystemSoftware/internal/config/limits.go:73.14,74.27 1 0
github.com/Homeveloper/ProjectCreateForSystemSoftware/internal/config/limits.go:75.13,76.27 1 1
github.com/Homeveloper/ProjectCreateForSystemSoftware/internal/config/limits.go:77.13,78.22 1 0
github.com/Homeveloper/ProjectCreateForSystemSoftware/internal/config/limits.go:79.18,81.27 2 1
github.com/Homeveloper/ProjectCreateForSystemSoftware/internal/config/limits.go:81.27,83.6 1 1
github.com/Homeveloper/ProjectCreateForSystemSoftware/internal/config/limits.go:84.18,85.18 1 1
github.com/Homeveloper/ProjectCreateForSystemSoftware/internal/config/limits.go:85.18,87.6 1 1
github.com/Homeveloper/ProjectCreateForSystemSoftware/internal/config/limits.go:91.2,91.12 1 1
github.com/Homeveloper/ProjectCreateForSystemSoftware/internal/config/limits.go:96.69,97.24 1 1
github.com/Homeveloper/ProjectCreateForSystemSoftware/internal/config/limits.go:97.24,99.3 1 0
github.com/Homeveloper/ProjectCreateForSystemSoftware/internal/config/limits.go:100.2,100.31 1 1
github.com/Homeveloper/ProjectCreateForSystemSoftware/internal/config/limits.go:101.30,102.30 1 1
github.com/Homeveloper/ProjectCreateForSystemSoftware/internal/config/limits.go:102.30,103.59 1 1
github.com/Homeveloper/ProjectCreateForSystemSoftware/internal/config/limits.go:103.59,105.5 1 0
github.com/Homeveloper/ProjectCreateForSystemSoftware/internal/config/limits.go:107.21,108.30 1 1
github.com/Homeveloper/ProjectCreateForSystemSoftware/internal/config/limits.go:108.30,109.59 1 1
github.com/Homeveloper/ProjectCreateForSystemSoftware/internal/config/limits.go:109.59,111.5 1 0
github.com/Homeveloper/ProjectCreateForSystemSoftware/internal/config/limits.go:114.2,114.12 1 1
github.com/Homeveloper/ProjectCreateForSystemSoftware/internal/config/limits.go:119.34,120.21 1 1
github.com/Homeveloper/ProjectCreateForSystemSoftware/internal/config/limits.go:120.21,122.3 1 0
github.com/Homeveloper/ProjectCreateForSystemSoftware/internal/config/limits.go:123.2,123.21 1 1
github.com/Homeveloper/ProjectCreateForSystemSoftware/internal/config/limits.go:123.21,125.3 1 0
github.com/Homeveloper/ProjectCreateForSystemSoftware/internal/config/limits.go:126.2,126.10 1 1
github.com/Homeveloper/ProjectCreateForSystemSoftware/internal/config/limits.go:131.41,133.2 1 1
github.com/Homeveloper/ProjectCreateForSystemSoftware/internal/config/load.go:17.40,19.2 1 1
github.com/Homeveloper/ProjectCreateForSystemSoftware/internal/config/load.go:22.65,26.16 3 1
github.com/Homeveloper/ProjectCreateForSystemSoftware/internal/config/load.go:26.16,28.3 1 0
github.com/Homeveloper/ProjectCreateForSystemSoftware/internal/config/load.go:30.2,31.16 2 1
github.com/Homeveloper/ProjectCreateForSystemSoftware/internal/config/load.go:31.16,33.3 1 0
github.com/Homeveloper/ProjectCreateForSystemSoftware/internal/config/load.go:34.2,34.15 1 1
github.com/Homeveloper/ProjectCreateForSystemSoftware/internal/config/load.go:34.15,34.35 1 1
github.com/Homeveloper/ProjectCreateForSystemSoftware/internal/config/load.go:36.2,37.16 2 1
github.com/Homeveloper/ProjectCreateForSystemSoftware/internal/config/load.go:37.16,39.3 1 0
github.com/Homeveloper/ProjectCreateForSystemSoftware/internal/config/load.go:40.2,40.30 1 1
github.com/Homeveloper/ProjectCreateForSystemSoftware/internal/config/load.go:40.30,42.3 1 0
github.com/Homeveloper/ProjectCreateForSystemSoftware/internal/config/load.go:43.2,43.54 1 1
github.com/Homeveloper/ProjectCreateForSystemSoftware/internal/config/load.go:43.54,45.3 1 1
github.com/Homeveloper/ProjectCreateForSystemSoftware/internal/config/load.go:49.2,50.16 2 1
github.com/Homeveloper/ProjectCreateForSystemSoftware/internal/config/load.go:50.16,52.3 1 0
github.com/Homeveloper/ProjectCreateForSystemSoftware/internal/config/load.go:53.2,53.58 1 1
github.com/Homeveloper/ProjectCreateForSystemSoftware/internal/config/load.go:53.58,55.3 1 0
github.com/Homeveloper/ProjectCreateForSystemSoftware/internal/config/load.go:57.2,58.16 2 1
github.com/Homeveloper/ProjectCreateForSystemSoftware/internal/config/load.go:58.16,60.3 1 0
github.com/Homeveloper/ProjectCreateForSystemSoftware/internal/config/load.go:61.2,61.17 1 1
github.com/Homeveloper/ProjectCreateForSystemSoftware/internal/config/load.go:65.56,67.2 1 1
github.com/Homeveloper/ProjectCreateForSystemSoftware/internal/config/load.go:74.81,77.58 2 1
github.com/Homeveloper/ProjectCreateForSystemSoftware/internal/config/load.go:77.58,79.3 1 0
github.com/Homeveloper/ProjectCreateForSystemSoftware/internal/config/load.go:80.2,80.51 1 1
github.com/Homeveloper/ProjectCreateForSystemSoftware/internal/config/load.go:80.51,82.3 1 1
github.com/Homeveloper/ProjectCreateForSystemSoftware/internal/config/load.go:84.2,85.16 2 1
github.com/Homeveloper/ProjectCreateForSystemSoftware/internal/config/load.go:86.18,87.53 1 1
github.com/Homeveloper/ProjectCreateForSystemSoftware/internal/config/load.go:87.53,89.4 1 1
github.com/Homeveloper/ProjectCreateForSystemSoftware/internal/config/load.go:90.18,91.53 1 1
github.com/Homeveloper/ProjectCreateForSystemSoftware/internal/config/load.go:91.53,93.4 1 0
github.com/Homeveloper/ProjectCreateForSystemSoftware/internal/config/load.go:94.10,95.85 1 0
github.com/Homeveloper/ProjectCreateForSystemSoftware/internal/config/load.go:98.2,98.57 1 1
github.com/Homeveloper/ProjectCreateForSystemSoftware/internal/config/load.go:98.57,100.3 1 0
github.com/Homeveloper/ProjectCreateForSystemSoftware/internal/config/load.go:102.2,103.9 2 1
github.com/Homeveloper/ProjectCreateForSystemSoftware/internal/config/load.go:103.9,105.3 1 1
github.com/Homeveloper/ProjectCreateForSystemSoftware/internal/config/load.go:106.2,106.32 1 1
github.com/Homeveloper/ProjectCreateForSystemSoftware/internal/config/load.go:110.56,111.16 1 1
github.com/Homeveloper/ProjectCreateForSystemSoftware/internal/config/load.go:112.18,114.17 2 0
github.com/Homeveloper/ProjectCreateForSystemSoftware/internal/config/load.go:114.17,116.4 1 0
github.com/Homeveloper/ProjectCreateForSystemSoftware/internal/config/load.go:117.3,117.19 1 0
github.com/Homeveloper/ProjectCreateForSystemSoftware/internal/config/load.go:118.18,120.17 2 1
github.com/Homeveloper/ProjectCreateForSystemSoftware/internal/config/load.go:120.17,122.4 1 0
github.com/Homeveloper/ProjectCreateForSystemSoftware/internal/config/load.go:123.3,123.33 1 1
github.com/Homeveloper/ProjectCreateForSystemSoftware/internal/config/load.go:124.10,125.85 1 0
github.com/Homeveloper/ProjectCreateForSystemSoftware/internal/config/load.go:130.47,131.31 1 1
github.com/Homeveloper/ProjectCreateForSystemSoftware/internal/config/load.go:132.35,134.32 2 0
github.com/Homeveloper/ProjectCreateForSystemSoftware/internal/config/load.go:134.32,136.4 1 0
github.com/Homeveloper/ProjectCreateForSystemSoftware/internal/config/load.go:137.3,137.13 1 0
github.com/Homeveloper/ProjectCreateForSystemSoftware/internal/config/load.go:138.30,140.32 2 1
github.com/Homeveloper/ProjectCreateForSystemSoftware/internal/config/load.go:140.32,142.4 1 1
github.com/Homeveloper/ProjectCreateForSystemSoftware/internal/config/load.go:143.3,143.13 1 1
github.com/Homeveloper/ProjectCreateForSystemSoftware/internal/config/load.go:144.21,146.30 2 1
github.com/Homeveloper/ProjectCreateForSystemSoftware/internal/config/load.go:146.30,148.4 1 1
github.com/Homeveloper/ProjectCreateForSystemSoftware/internal/config/load.go:149.3,149.13 1 1
github.com/Homeveloper/ProjectCreateForSystemSoftware/internal/config/load.go:150.10,151.15 1 1
github.com/Homeveloper/ProjectCreateForSystemSoftware/internal/config/merge.go:5.42,7.31 2 1
github.com/Homeveloper/ProjectCreateForSystemSoftware/internal/config/merge.go:7.31,9.3 1 1
github.com/Homeveloper/ProjectCreateForSystemSoftware/internal/config/merge.go:10.2,10.35 1 1
github.com/Homeveloper/ProjectCreateForSystemSoftware/internal/config/merge.go:10.35,11.35 1 1
github.com/Homeveloper/ProjectCreateForSystemSoftware/internal/config/merge.go:11.35,14.28 3 1
github.com/Homeveloper/ProjectCreateForSystemSoftware/internal/config/merge.go:14.28,16.13 2 1
github.com/Homeveloper/ProjectCreateForSystemSoftware/internal/config/merge.go:19.3,19.19 1 1
github.com/Homeveloper/ProjectCreateForSystemSoftware/internal/config/merge.go:21.2,21.12 1 1
github.com/Homeveloper/ProjectCreateForSystemSoftware/internal/config/redact.go:32.35,34.35 2 1
github.com/Homeveloper/ProjectCreateForSystemSoftware/internal/config/redact.go:34.35,35.41 1 1
github.com/Homeveloper/ProjectCreateForSystemSoftware/internal/config/redact.go:35.41,37.4 1 1
github.com/Homeveloper/ProjectCreateForSystemSoftware/internal/config/redact.go:39.2,39.14 1 1
github.com/Homeveloper/ProjectCreateForSystemSoftware/internal/config/redact.go:43.32,46.2 2 1
github.com/Homeveloper/ProjectCreateForSystemSoftware/internal/config/redact.go:48.49,49.31 1 1
github.com/Homeveloper/ProjectCreateForSystemSoftware/internal/config/redact.go:50.30,52.32 2 1
github.com/Homeveloper/ProjectCreateForSystemSoftware/internal/config/redact.go:52.32,53.24 1 1
github.com/Homeveloper/ProjectCreateForSystemSoftware/internal/config/redact.go:53.24,55.13 2 1
github.com/Homeveloper/ProjectCreateForSystemSoftware/internal/config/redact.go:57.4,57.32 1 1
github.com/Homeveloper/ProjectCreateForSystemSoftware/internal/config/redact.go:59.3,59.13 1 1
github.com/Homeveloper/ProjectCreateForSystemSoftware/internal/config/redact.go:60.21,62.30 2 1
github.com/Homeveloper/ProjectCreateForSystemSoftware/internal/config/redact.go:62.30,64.4 1 1
github.com/Homeveloper/ProjectCreateForSystemSoftware/internal/config/redact.go:65.3,65.13 1 1
github.com/Homeveloper/ProjectCreateForSystemSoftware/internal/config/redact.go:66.10,67.15 1 1
github.com/Homeveloper/ProjectCreateForSystemSoftware/internal/config/schema.go:26.47,28.16 2 1
github.com/Homeveloper/ProjectCreateForSystemSoftware/internal/config/schema.go:28.16,30.3 1 0
github.com/Homeveloper/ProjectCreateForSystemSoftware/internal/config/schema.go:31.2,32.53 2 1
github.com/Homeveloper/ProjectCreateForSystemSoftware/internal/config/schema.go:32.53,34.3 1 0
github.com/Homeveloper/ProjectCreateForSystemSoftware/internal/config/schema.go:35.2,35.21 1 1
github.com/Homeveloper/ProjectCreateForSystemSoftware/internal/config/schema.go:40.48,45.2 4 1
github.com/Homeveloper/ProjectCreateForSystemSoftware/internal/config/schema.go:47.74,48.14 1 1
github.com/Homeveloper/ProjectCreateForSystemSoftware/internal/config/schema.go:48.14,50.3 1 0
github.com/Homeveloper/ProjectCreateForSystemSoftware/internal/config/schema.go:51.2,51.49 1 1
github.com/Homeveloper/ProjectCreateForSystemSoftware/internal/config/schema.go:51.49,55.3 2 0
github.com/Homeveloper/ProjectCreateForSystemSoftware/internal/config/schema.go:56.2,56.16 1 1
github.com/Homeveloper/ProjectCreateForSystemSoftware/internal/config/schema.go:57.16,59.35 2 1
github.com/Homeveloper/ProjectCreateForSystemSoftware/internal/config/schema.go:59.35,60.34 1 1
github.com/Homeveloper/ProjectCreateForSystemSoftware/internal/config/schema.go:60.34,63.5 1 1
github.com/Homeveloper/ProjectCreateForSystemSoftware/internal/config/schema.go:65.3,65.39 1 1
github.com/Homeveloper/ProjectCreateForSystemSoftware/internal/config/schema.go:65.39,66.36 1 1
github.com/Homeveloper/ProjectCreateForSystemSoftware/internal/config/schema.go:66.36,68.5 1 1
github.com/Homeveloper/ProjectCreateForSystemSoftware/internal/config/schema.go:70.15,72.30 2 1
github.com/Homeveloper/ProjectCreateForSystemSoftware/internal/config/schema.go:72.30,74.4 1 1
github.com/Homeveloper/ProjectCreateForSystemSoftware/internal/config/schema.go:75.16,77.22 2 1
github.com/Homeveloper/ProjectCreateForSystemSoftware/internal/config/schema.go:77.22,79.18 2 1
github.com/Homeveloper/ProjectCreateForSystemSoftware/internal/config/schema.go:79.18,82.5 1 0
github.com/Homeveloper/ProjectCreateForSystemSoftware/internal/config/schema.go:82.10,82.41 1 1
github.com/Homeveloper/ProjectCreateForSystemSoftware/internal/config/schema.go:82.41,85.5 1 1
github.com/Homeveloper/ProjectCreateForSystemSoftware/internal/config/schema.go:87.27,88.39 1 1
github.com/Homeveloper/ProjectCreateForSystemSoftware/internal/config/schema.go:88.39,89.47 1 1
github.com/Homeveloper/ProjectCreateForSystemSoftware/internal/config/schema.go:89.47,92.5 1 0
github.com/Homeveloper/ProjectCreateForSystemSoftware/internal/config/schema.go:93.4,93.47 1 1
github.com/Homeveloper/ProjectCreateForSystemSoftware/internal/config/schema.go:93.47,96.5 1 1
github.com/Homeveloper/ProjectCreateForSystemSoftware/internal/config/schema.go:99.2,99.47 1 1
github.com/Homeveloper/ProjectCreateForSystemSoftware/internal/config/schema.go:99.47,102.3 1 1
github.com/Homeveloper/ProjectCreateForSystemSoftware/internal/config/schema.go:105.55,106.14 1 1
github.com/Homeveloper/ProjectCreateForSystemSoftware/internal/config/schema.go:107.16,109.12 2 1
github.com/Homeveloper/ProjectCreateForSystemSoftware/internal/config/schema.go:110.15,112.12 2 1
github.com/Homeveloper/ProjectCreateForSystemSoftware/internal/config/schema.go:113.16,115.12 2 1
github.com/Homeveloper/ProjectCreateForSystemSoftware/internal/config/schema.go:116.17,118.12 2 0
github.com/Homeveloper/ProjectCreateForSystemSoftware/internal/config/schema.go:119.17,120.33 1 1
github.com/Homeveloper/ProjectCreateForSystemSoftware/internal/config/schema.go:121.27,122.15 1 1
github.com/Homeveloper/ProjectCreateForSystemSoftware/internal/config/schema.go:123.16,124.39 1 0
github.com/Homeveloper/ProjectCreateForSystemSoftware/internal/config/schema.go:125.11,126.16 1 0
github.com/Homeveloper/ProjectCreateForSystemSoftware/internal/config/schema.go:128.16,130.12 2 0
github.com/Homeveloper/ProjectCreateForSystemSoftware/internal/config/schema.go:131.14,132.22 1 0
github.com/Homeveloper/ProjectCreateForSystemSoftware/internal/config/schema.go:133.10,134.14 1 0
github.com/Homeveloper/ProjectCreateForSystemSoftware/internal/config/schema.go:138.41,139.22 1 0
github.com/Homeveloper/ProjectCreateForSystemSoftware/internal/config/schema.go:140.30,141.18 1 0
github.com/Homeveloper/ProjectCreateForSystemSoftware/internal/config/schema.go:142.21,143.17 1 0
github.com/Homeveloper/ProjectCreateForSystemSoftware/internal/config/schema.go:144.14,145.18 1 0
github.com/Homeveloper/ProjectCreateForSystemSoftware/internal/config/schema.go:146.12,147.19 1 0
github.com/Homeveloper/ProjectCreateForSystemSoftware/internal/config/schema.go:148.35,149.18 1 0
github.com/Homeveloper/ProjectCreateForSystemSoftware/internal/config/schema.go:150.11,151.16 1 0
github.com/Homeveloper/ProjectCreateForSystemSoftware/internal/config/schema.go:152.10,153.34 1 0
github.com/Homeveloper/ProjectCreateForSystemSoftware/internal/config/schema.go:157.49,158.32 1 1
github.com/Homeveloper/ProjectCreateForSystemSoftware/internal/config/schema.go:159.11,160.31 1 1
github.com/Homeveloper/ProjectCreateForSystemSoftware/internal/config/schema.go:161.13,162.31 1 0
github.com/Homeveloper/ProjectCreateForSystemSoftware/internal/config/schema.go:163.14,164.31 1 0
github.com/Homeveloper/ProjectCreateForSystemSoftware/internal/config/schema.go:165.15,166.22 1 0
github.com/Homeveloper/ProjectCreateForSystemSoftware/internal/config/schema.go:167.10,168.18 1 0
github.com/Homeveloper/ProjectCreateForSystemSoftware/internal/config/schema.go:172.60,173.36 1 1
github.com/Homeveloper/ProjectCreateForSystemSoftware/internal/config/schema.go:173.36,174.49 1 1
github.com/Homeveloper/ProjectCreateForSystemSoftware/internal/config/schema.go:174.49,176.4 1 1
github.com/Homeveloper/ProjectCreateForSystemSoftware/internal/config/schema.go:178.2,178.14 1 1
github.com/Homeveloper/ProjectCreateForSystemSoftware/internal/config/schema.go:182.34,184.55 2 1
github.com/Homeveloper/ProjectCreateForSystemSoftware/internal/config/schema.go:184.55,186.3 1 0
github.com/Homeveloper/ProjectCreateForSystemSoftware/internal/config/schema.go:187.2,187.55 1 1
github.com/Homeveloper/ProjectCreateForSystemSoftware/internal/config/schema.go:187.55,189.3 1 1
github.com/Homeveloper/ProjectCreateForSystemSoftware/internal/config/schema.go:190.2,190.13 1 1
github.com/Homeveloper/ProjectCreateForSystemSoftware/internal/config/schema.go:197.56,198.32 1 1
github.com/Homeveloper/ProjectCreateForSystemSoftware/internal/config/schema.go:198.32,200.3 1 1
github.com/Homeveloper/ProjectCreateForSystemSoftware/internal/config/schema.go:201.2,201.36 1 1
github.com/Homeveloper/ProjectCreateForSystemSoftware/internal/config/schema.go:201.36,203.3 1 1
github.com/Homeveloper/ProjectCreateForSystemSoftware/internal/config/schema.go:204.2,204.33 1 1
github.com/Homeveloper/ProjectCreateForSystemSoftware/internal/config/write.go:24.61,25.16 1 1
github.com/Homeveloper/ProjectCreateForSystemSoftware/internal/config/write.go:25.16,27.3 1 0
github.com/Homeveloper/ProjectCreateForSystemSoftware/internal/config/write.go:28.2,28.26 1 1
github.com/Homeveloper/ProjectCreateForSystemSoftware/internal/config/write.go:28.26,30.3 1 0
github.com/Homeveloper/ProjectCreateForSystemSoftware/internal/config/write.go:32.2,33.16 2 1
github.com/Homeveloper/ProjectCreateForSystemSoftware/internal/config/write.go:33.16,35.3 1 0
github.com/Homeveloper/ProjectCreateForSystemSoftware/internal/config/write.go:37.2,38.49 2 1
github.com/Homeveloper/ProjectCreateForSystemSoftware/internal/config/write.go:38.49,40.3 1 1
github.com/Homeveloper/ProjectCreateForSystemSoftware/internal/config/write.go:42.2,42.65 1 1
github.com/Homeveloper/ProjectCreateForSystemSoftware/internal/config/write.go:42.65,44.3 1 0
github.com/Homeveloper/ProjectCreateForSystemSoftware/internal/config/write.go:45.2,45.44 1 1
github.com/Homeveloper/ProjectCreateForSystemSoftware/internal/config/write.go:45.44,47.3 1 0
github.com/Homeveloper/ProjectCreateForSystemSoftware/internal/config/write.go:48.2,48.59 1 1
github.com/Homeveloper/ProjectCreateForSystemSoftware/internal/config/write.go:48.59,50.3 1 0
github.com/Homeveloper/ProjectCreateForSystemSoftware/internal/config/write.go:51.2,51.18 1 1
github.com/Homeveloper/ProjectCreateForSystemSoftware/internal/config/write.go:55.44,57.16 2 1
github.com/Homeveloper/ProjectCreateForSystemSoftware/internal/config/write.go:57.16,59.3 1 0
github.com/Homeveloper/ProjectCreateForSystemSoftware/internal/config/write.go:60.2,60.86 1 1
github.com/Homeveloper/ProjectCreateForSystemSoftware/internal/config/write.go:60.86,62.3 1 1
github.com/Homeveloper/ProjectCreateForSystemSoftware/internal/config/write.go:63.2,63.12 1 1
github.com/Homeveloper/ProjectCreateForSystemSoftware/internal/config/write.go:68.39,70.16 2 1
github.com/Homeveloper/ProjectCreateForSystemSoftware/internal/config/write.go:70.16,71.25 1 1
github.com/Homeveloper/ProjectCreateForSystemSoftware/internal/config/write.go:71.25,73.4 1 1
github.com/Homeveloper/ProjectCreateForSystemSoftware/internal/config/write.go:74.3,74.58 1 0
github.com/Homeveloper/ProjectCreateForSystemSoftware/internal/config/write.go:76.2,76.37 1 0
github.com/Homeveloper/ProjectCreateForSystemSoftware/internal/config/write.go:76.37,78.3 1 0
github.com/Homeveloper/ProjectCreateForSystemSoftware/internal/config/write.go:79.2,79.12 1 0
github.com/Homeveloper/ProjectCreateForSystemSoftware/cmd/cfgtool/main.go:14.13,15.54 1 0
github.com/Homeveloper/ProjectCreateForSystemSoftware/cmd/cfgtool/main.go:15.54,18.3 2 0
